Component: ARM Compiler 5.06 update 5 (build 528) Tool: armlink [4d35e2]

==============================================================================

Section Cross References

    main.o(i.assert_nrf_callback) refers to app_error.o(i.app_error_handler) for app_error_handler
    main.o(i.ble_evt_dispatch) refers to device_manager_peripheral.o(i.dm_ble_evt_handler) for dm_ble_evt_handler
    main.o(i.ble_evt_dispatch) refers to ble_conn_params.o(i.ble_conn_params_on_ble_evt) for ble_conn_params_on_ble_evt
    main.o(i.ble_evt_dispatch) refers to bsp_btn_ble.o(i.bsp_btn_ble_on_ble_evt) for bsp_btn_ble_on_ble_evt
    main.o(i.ble_evt_dispatch) refers to bsp.o(i.bsp_indication_set) for bsp_indication_set
    main.o(i.ble_evt_dispatch) refers to app_error.o(i.APP_ERROR_CHECK) for APP_ERROR_CHECK
    main.o(i.ble_evt_dispatch) refers to ble_advertising.o(i.ble_advertising_on_ble_evt) for ble_advertising_on_ble_evt
    main.o(i.ble_evt_dispatch) refers to our_service.o(i.ble_our_service_on_ble_evt) for ble_our_service_on_ble_evt
    main.o(i.ble_evt_dispatch) refers to main.o(.data) for .data
    main.o(i.ble_evt_dispatch) refers to main.o(.bss) for .bss
    main.o(i.ble_stack_init) refers to softdevice_handler.o(i.softdevice_handler_init) for softdevice_handler_init
    main.o(i.ble_stack_init) refers to app_error.o(i.APP_ERROR_CHECK) for APP_ERROR_CHECK
    main.o(i.ble_stack_init) refers to softdevice_handler.o(i.softdevice_enable_get_default_config) for softdevice_enable_get_default_config
    main.o(i.ble_stack_init) refers to softdevice_handler.o(i.sd_check_ram_start) for sd_check_ram_start
    main.o(i.ble_stack_init) refers to softdevice_handler.o(i.softdevice_enable) for softdevice_enable
    main.o(i.ble_stack_init) refers to softdevice_handler.o(i.softdevice_ble_evt_handler_set) for softdevice_ble_evt_handler_set
    main.o(i.ble_stack_init) refers to softdevice_handler.o(i.softdevice_sys_evt_handler_set) for softdevice_sys_evt_handler_set
    main.o(i.ble_stack_init) refers to main.o(.bss) for .bss
    main.o(i.ble_stack_init) refers to main.o(i.ble_evt_dispatch) for ble_evt_dispatch
    main.o(i.ble_stack_init) refers to main.o(i.sys_evt_dispatch) for sys_evt_dispatch
    main.o(i.bsp_event_handler) refers to printfa.o(i.__0printf) for __2printf
    main.o(i.bsp_event_handler) refers to nrf_delay.o(i.nrf_delay_ms) for nrf_delay_ms
    main.o(i.bsp_event_handler) refers to main.o(i.sleep_mode_enter) for sleep_mode_enter
    main.o(i.bsp_event_handler) refers to ble_advertising.o(i.ble_advertising_restart_without_whitelist) for ble_advertising_restart_without_whitelist
    main.o(i.bsp_event_handler) refers to app_error.o(i.APP_ERROR_CHECK) for APP_ERROR_CHECK
    main.o(i.bsp_event_handler) refers to main.o(.data) for .data
    main.o(i.conn_params_error_handler) refers to app_error.o(i.app_error_handler_bare) for app_error_handler_bare
    main.o(i.device_manager_evt_handler) refers to app_error.o(i.APP_ERROR_CHECK) for APP_ERROR_CHECK
    main.o(i.device_manager_init) refers to pstorage.o(i.pstorage_init) for pstorage_init
    main.o(i.device_manager_init) refers to app_error.o(i.APP_ERROR_CHECK) for APP_ERROR_CHECK
    main.o(i.device_manager_init) refers to device_manager_peripheral.o(i.dm_init) for dm_init
    main.o(i.device_manager_init) refers to device_manager_peripheral.o(i.dm_register) for dm_register
    main.o(i.device_manager_init) refers to main.o(i.device_manager_evt_handler) for device_manager_evt_handler
    main.o(i.device_manager_init) refers to main.o(.data) for .data
    main.o(i.main) refers to app_uart_fifo.o(i.app_uart_init) for app_uart_init
    main.o(i.main) refers to app_error.o(i.APP_ERROR_CHECK) for APP_ERROR_CHECK
    main.o(i.main) refers to printfa.o(i.__0printf) for __2printf
    main.o(i.main) refers to nrf_delay.o(i.nrf_delay_ms) for nrf_delay_ms
    main.o(i.main) refers to main.o(i.clock_initialization) for clock_initialization
    main.o(i.main) refers to app_timer.o(i.app_timer_init) for app_timer_init
    main.o(i.main) refers to app_timer.o(i.app_timer_create) for app_timer_create
    main.o(i.main) refers to bsp.o(i.bsp_init) for bsp_init
    main.o(i.main) refers to bsp_btn_ble.o(i.bsp_btn_ble_init) for bsp_btn_ble_init
    main.o(i.main) refers to main.o(i.ble_stack_init) for ble_stack_init
    main.o(i.main) refers to main.o(i.device_manager_init) for device_manager_init
    main.o(i.main) refers to our_service.o(i.our_service_init) for our_service_init
    main.o(i.main) refers to memseta.o(.text) for __aeabi_memclr4
    main.o(i.main) refers to ble_advertising.o(i.ble_advertising_init) for ble_advertising_init
    main.o(i.main) refers to ble_conn_params.o(i.ble_conn_params_init) for ble_conn_params_init
    main.o(i.main) refers to app_timer.o(i.app_timer_start) for app_timer_start
    main.o(i.main) refers to ble_advertising.o(i.ble_advertising_start) for ble_advertising_start
    main.o(i.main) refers to main.o(i.power_manage) for power_manage
[...]
    i.pstorage_load                          0x00020568   Section        0  pstorage.o(i.pstorage_load)
    i.pstorage_register                      0x00020610   Section        0  pstorage.o(i.pstorage_register)
    i.pstorage_store                         0x000206c4   Section        0  pstorage.o(i.pstorage_store)
    i.pstorage_sys_event_handler             0x0002074c   Section        0  pstorage.o(i.pstorage_sys_event_handler)
    i.pstorage_update                        0x00020794   Section        0  pstorage.o(i.pstorage_update)
    i.put_ble_data                           0x0002081c   Section        0  our_service.o(i.put_ble_data)
    i.reassemble                             0x00020934   Section        0  our_service.o(i.reassemble)
    i.rtc1_stop                              0x00020b1c   Section        0  app_timer.o(i.rtc1_stop)
    rtc1_stop                                0x00020b1d   Thumb Code    52  app_timer.o(i.rtc1_stop)
    i.rx_byte                                0x00020b58   Section        0  nrf_drv_uart.o(i.rx_byte)
    rx_byte                                  0x00020b59   Thumb Code    38  nrf_drv_uart.o(i.rx_byte)
    i.rx_done_event                          0x00020b88   Section        0  nrf_drv_uart.o(i.rx_done_event)
    rx_done_event                            0x00020b89   Thumb Code    26  nrf_drv_uart.o(i.rx_done_event)
    i.rx_enable                              0x00020ba8   Section        0  nrf_drv_uart.o(i.rx_enable)
    rx_enable                                0x00020ba9   Thumb Code    18  nrf_drv_uart.o(i.rx_enable)
    i.sd_check_ram_start                     0x00020bc0   Section        0  softdevice_handler.o(i.sd_check_ram_start)
    i.service_data_encode                    0x00020bd0   Section        0  ble_advdata.o(i.service_data_encode)
    service_data_encode                      0x00020bd1   Thumb Code   136  ble_advdata.o(i.service_data_encode)
    i.sleep_mode_enter                       0x00020c58   Section        0  main.o(i.sleep_mode_enter)
    sleep_mode_enter                         0x00020c59   Thumb Code    30  main.o(i.sleep_mode_enter)
    i.sm_state_change                        0x00020c78   Section        0  pstorage.o(i.sm_state_change)
    sm_state_change                          0x00020c79   Thumb Code    52  pstorage.o(i.sm_state_change)
    i.softdevice_ble_evt_handler_set         0x00020cb4   Section        0  softdevice_handler.o(i.softdevice_ble_evt_handler_set)
    i.softdevice_enable                      0x00020cc8   Section        0  softdevice_handler.o(i.softdevice_enable)
    i.softdevice_enable_get_default_config   0x00020cdc   Section        0  softdevice_handler.o(i.softdevice_enable_get_default_config)
    i.softdevice_fault_handler               0x00020d02   Section        0  softdevice_handler.o(i.softdevice_fault_handler)
    i.softdevice_handler_init                0x00020d08   Section        0  softdevice_handler.o(i.softdevice_handler_init)
    i.softdevice_sys_evt_handler_set         0x00020d38   Section        0  softdevice_handler.o(i.softdevice_sys_evt_handler_set)
    i.state_data_erase_swap_entry_run        0x00020d4c   Section        0  pstorage.o(i.state_data_erase_swap_entry_run)
    state_data_erase_swap_entry_run          0x00020d4d   Thumb Code    96  pstorage.o(i.state_data_erase_swap_entry_run)
    i.state_erase_data_page_entry_run        0x00020db4   Section        0  pstorage.o(i.state_erase_data_page_entry_run)
    state_erase_data_page_entry_run          0x00020db5   Thumb Code     8  pstorage.o(i.state_erase_data_page_entry_run)
    i.state_restore_head_entry_run           0x00020dc0   Section        0  pstorage.o(i.state_restore_head_entry_run)
    state_restore_head_entry_run             0x00020dc1   Thumb Code    38  pstorage.o(i.state_restore_head_entry_run)
    i.state_restore_tail_entry_run           0x00020dec   Section        0  pstorage.o(i.state_restore_tail_entry_run)
    state_restore_tail_entry_run             0x00020ded   Thumb Code    72  pstorage.o(i.state_restore_tail_entry_run)
    i.state_swap_erase_entry_run             0x00020e3c   Section        0  pstorage.o(i.state_swap_erase_entry_run)
    state_swap_erase_entry_run               0x00020e3d   Thumb Code    30  pstorage.o(i.state_swap_erase_entry_run)
    i.state_write_data_swap_entry_run        0x00020e5c   Section        0  pstorage.o(i.state_write_data_swap_entry_run)
    state_write_data_swap_entry_run          0x00020e5d   Thumb Code    44  pstorage.o(i.state_write_data_swap_entry_run)
    i.storage_operation_dummy_handler        0x00020e8c   Section        0  device_manager_peripheral.o(i.storage_operation_dummy_handler)
    storage_operation_dummy_handler          0x00020e8d   Thumb Code     4  device_manager_peripheral.o(i.storage_operation_dummy_handler)
    i.store_cmd_flash_write_execute          0x00020e90   Section        0  pstorage.o(i.store_cmd_flash_write_execute)
    store_cmd_flash_write_execute            0x00020e91   Thumb Code    84  pstorage.o(i.store_cmd_flash_write_execute)
    i.swap_erase_state_run                   0x00020eec   Section        0  pstorage.o(i.swap_erase_state_run)
    swap_erase_state_run                     0x00020eed   Thumb Code    18  pstorage.o(i.swap_erase_state_run)
    i.swap_sub_state_err_busy_process        0x00020f04   Section        0  pstorage.o(i.swap_sub_state_err_busy_process)
    swap_sub_state_err_busy_process          0x00020f05   Thumb Code    16  pstorage.o(i.swap_sub_state_err_busy_process)
    i.swap_sub_state_state_change            0x00020f18   Section        0  pstorage.o(i.swap_sub_state_state_change)
    swap_sub_state_state_change              0x00020f19   Thumb Code    12  pstorage.o(i.swap_sub_state_state_change)
    i.sys_evt_dispatch                       0x00020f2c   Section        0  main.o(i.sys_evt_dispatch)
    sys_evt_dispatch                         0x00020f2d   Thumb Code    18  main.o(i.sys_evt_dispatch)
    i.tail_restore_state_run                 0x00020f40   Section        0  pstorage.o(i.tail_restore_state_run)
    tail_restore_state_run                   0x00020f41   Thumb Code    16  pstorage.o(i.tail_restore_state_run)
    i.timer_list_handler                     0x00020f54   Section        0  app_timer.o(i.timer_list_handler)
    timer_list_handler                       0x00020f55   Thumb Code   134  app_timer.o(i.timer_list_handler)
    i.timer_list_insert                      0x00020fe0   Section        0  app_timer.o(i.timer_list_insert)
    timer_list_insert                        0x00020fe1   Thumb Code    56  app_timer.o(i.timer_list_insert)
    i.timer_timeout_handler                  0x0002101c   Section        0  main.o(i.timer_timeout_handler)
    timer_timeout_handler                    0x0002101d   Thumb Code     2  main.o(i.timer_timeout_handler)
    i.timer_timeouts_check                   0x00021020   Section        0  app_timer.o(i.timer_timeouts_check)
    timer_timeouts_check                     0x00021021   Thumb Code   122  app_timer.o(i.timer_timeouts_check)
    i.tx_byte                                0x000210a4   Section        0  nrf_drv_uart.o(i.tx_byte)
    tx_byte                                  0x000210a5   Thumb Code    28  nrf_drv_uart.o(i.tx_byte)
    i.tx_done_event                          0x000210c8   Section        0  nrf_drv_uart.o(i.tx_done_event)
    tx_done_event                            0x000210c9   Thumb Code    30  nrf_drv_uart.o(i.tx_done_event)
    i.uart_event_handler                     0x000210ec   Section        0  app_uart_fifo.o(i.uart_event_handler)
    uart_event_handler                       0x000210ed   Thumb Code   160  app_uart_fifo.o(i.uart_event_handler)
    i.uart_events_handler                    0x00021194   Section        0  main.o(i.uart_events_handler)
    uart_events_handler                      0x00021195   Thumb Code    18  main.o(i.uart_events_handler)
    i.uart_irq_handler                       0x000211a8   Section        0  nrf_drv_uart.o(i.uart_irq_handler)
    uart_irq_handler                         0x000211a9   Thumb Code   254  nrf_drv_uart.o(i.uart_irq_handler)
    i.uarte_irq_handler                      0x000212b0   Section        0  nrf_drv_uart.o(i.uarte_irq_handler)
    uarte_irq_handler                        0x000212b1   Thumb Code   206  nrf_drv_uart.o(i.uarte_irq_handler)
    i.uint16_encode                          0x00021388   Section        0  ble_advdata.o(i.uint16_encode)
    uint16_encode                            0x00021389   Thumb Code    10  ble_advdata.o(i.uint16_encode)
    i.update_status_bit_reset                0x00021394   Section        0  device_manager_peripheral.o(i.update_status_bit_reset)
    update_status_bit_reset                  0x00021395   Thumb Code    14  device_manager_peripheral.o(i.update_status_bit_reset)
    i.update_timeout_handler                 0x000213a8   Section        0  ble_conn_params.o(i.update_timeout_handler)
    update_timeout_handler                   0x000213a9   Thumb Code    88  ble_conn_params.o(i.update_timeout_handler)
    i.user_id_get                            0x00021408   Section        0  app_timer.o(i.user_id_get)
    user_id_get                              0x00021409   Thumb Code    62  app_timer.o(i.user_id_get)
    i.user_op_alloc                          0x0002144c   Section        0  app_timer.o(i.user_op_alloc)
    user_op_alloc                            0x0002144d   Thumb Code    40  app_timer.o(i.user_op_alloc)
    i.uuid_list_encode                       0x00021474   Section        0  ble_advdata.o(i.uuid_list_encode)
    uuid_list_encode                         0x00021475   Thumb Code    48  ble_advdata.o(i.uuid_list_encode)
    i.uuid_list_sized_encode                 0x000214a4   Section        0  ble_advdata.o(i.uuid_list_sized_encode)
    uuid_list_sized_encode                   0x000214a5   Thumb Code   158  ble_advdata.o(i.uuid_list_sized_encode)
    i.whitelist_has_entries                  0x00021542   Section        0  ble_advertising.o(i.whitelist_has_entries)
    whitelist_has_entries                    0x00021543   Thumb Code    14  ble_advertising.o(i.whitelist_has_entries)
    .constdata                               0x00021550   Section       20  main.o(.constdata)
    m_our_char_timer_id                      0x00021550   Data           4  main.o(.constdata)
    .constdata                               0x00021564   Section       32  our_service.o(.constdata)
    .constdata                               0x00021584   Section       60  bsp.o(.constdata)
    m_leds_timer_id                          0x00021584   Data           4  bsp.o(.constdata)
    m_alert_timer_id                         0x00021588   Data           4  bsp.o(.constdata)
    m_button_timer_id                        0x0002158c   Data           4  bsp.o(.constdata)
    m_buttons_list                           0x00021590   Data          16  bsp.o(.constdata)
    app_buttons                              0x000215a0   Data          32  bsp.o(.constdata)
    .constdata                               0x000215c0   Section       52  device_manager_peripheral.o(.constdata)
    .constdata                               0x000215f4   Section        4  ble_conn_params.o(.constdata)
    m_conn_params_timer_id                   0x000215f4   Data           4  ble_conn_params.o(.constdata)
    .constdata                               0x000215f8   Section       32  nrf_drv_uart.o(.constdata)
    m_default_config                         0x000215f8   Data          32  nrf_drv_uart.o(.constdata)
    .constdata                               0x00021618   Section       32  app_uart_fifo.o(.constdata)
    .constdata                               0x00021638   Section       40  pstorage.o(.constdata)
    swap_sub_state_sm_lut                    0x00021638   Data          20  pstorage.o(.constdata)
    swap_sub_state_sm_lut                    0x0002164c   Data          20  pstorage.o(.constdata)
    .constdata                               0x00021660   Section        8  app_button.o(.constdata)
    m_detection_delay_timer_id               0x00021660   Data           4  app_button.o(.constdata)
    .data                                    0x20004000   Section        4  main.o(.data)
    rx_buf                                   0x20004000   Data           1  main.o(.data)
    m_app_handle                             0x20004001   Data           1  main.o(.data)
    m_conn_handle                            0x20004002   Data           2  main.o(.data)
    .data                                    0x20004004   Section       28  our_service.o(.data)
    count                                    0x20004008   Data           1  our_service.o(.data)
    inx                                      0x2000400a   Data           2  our_service.o(.data)
    inx                                      0x2000400c   Data           2  our_service.o(.data)
    .data                                    0x20004020   Section        8  tlv.o(.data)
    begining                                 0x20004020   Data           1  tlv.o(.data)
    len                                      0x20004021   Data           1  tlv.o(.data)
    TLVinx                                   0x20004022   Data           1  tlv.o(.data)
    .data                                    0x20004028   Section       24  bsp.o(.data)
    m_stable_state                           0x20004028   Data           1  bsp.o(.data)
    current_long_push_pin_no                 0x20004029   Data           1  bsp.o(.data)
    m_app_ticks_per_100ms                    0x2000402c   Data           4  bsp.o(.data)
    m_indication_type                        0x20004030   Data           4  bsp.o(.data)
    m_alert_mask                             0x20004034   Data           4  bsp.o(.data)
    m_registered_callback                    0x20004038   Data           4  bsp.o(.data)
    release_event_at_push                    0x2000403c   Data           4  bsp.o(.data)
    .data                                    0x20004040   Section        8  bsp_btn_ble.o(.data)
    m_error_handler                          0x20004040   Data           4  bsp_btn_ble.o(.data)
    m_num_connections                        0x20004044   Data           4  bsp_btn_ble.o(.data)
    .data                                    0x20004048   Section        4  system_nrf52.o(.data)
    __tagsym$$used                           0x20004048   Number         0  system_nrf52.o(.data)
    .data                                    0x2000404c   Section       24  device_manager_peripheral.o(.data)
    m_module_initialized                     0x2000404c   Data           1  device_manager_peripheral.o(.data)
    m_peer_addr_update                       0x20004050   Data           4  device_manager_peripheral.o(.data)
    m_irk_index_table                        0x20004054   Data           7  device_manager_peripheral.o(.data)
    m_storage_handle                         0x2000405c   Data           8  device_manager_peripheral.o(.data)
    .data                                    0x20004064   Section       31  ble_advertising.o(.data)
    m_advertising_start_pending              0x20004064   Data           1  ble_advertising.o(.data)
    m_whitelist_temporarily_disabled         0x20004065   Data           1  ble_advertising.o(.data)
    m_whitelist_reply_expected               0x20004066   Data           1  ble_advertising.o(.data)
    m_peer_addr_reply_expected               0x20004067   Data           1  ble_advertising.o(.data)
    m_adv_evt                                0x20004068   Data           1  ble_advertising.o(.data)
    m_adv_mode_current                       0x20004069   Data           1  ble_advertising.o(.data)
    m_tx_power_level                         0x2000406a   Data           1  ble_advertising.o(.data)
    current_slave_link_conn_handle           0x2000406c   Data           2  ble_advertising.o(.data)
    m_evt_handler                            0x20004070   Data           4  ble_advertising.o(.data)
    m_error_handler                          0x20004074   Data           4  ble_advertising.o(.data)
    m_slave_conn_int                         0x20004078   Data           4  ble_advertising.o(.data)
    m_peer_address                           0x2000407c   Data           7  ble_advertising.o(.data)
    .data                                    0x20004084   Section       20  ble_conn_params.o(.data)
    m_change_param                           0x20004084   Data           1  ble_conn_params.o(.data)
    m_update_count                           0x20004085   Data           1  ble_conn_params.o(.data)
    m_conn_handle                            0x20004086   Data           2  ble_conn_params.o(.data)
    m_preferred_conn_params                  0x20004088   Data           8  ble_conn_params.o(.data)
    m_current_conn_params                    0x20004090   Data           8  ble_conn_params.o(.data)
    .data                                    0x20004098   Section        8  app_uart_fifo.o(.data)
    tx_buffer                                0x20004098   Data           1  app_uart_fifo.o(.data)
    tx_tmp                                   0x20004099   Data           1  app_uart_fifo.o(.data)
    rx_buffer                                0x2000409a   Data           1  app_uart_fifo.o(.data)
    m_event_handler                          0x2000409c   Data           4  app_uart_fifo.o(.data)
    .data                                    0x200040a0   Section       36  pstorage.o(.data)
    m_state                                  0x200040a0   Data           1  pstorage.o(.data)
    m_swap_sub_state                         0x200040a1   Data           1  pstorage.o(.data)
    m_next_app_instance                      0x200040a2   Data           2  pstorage.o(.data)
    m_flags                                  0x200040a4   Data           4  pstorage.o(.data)
    m_next_page_addr                         0x200040a8   Data           4  pstorage.o(.data)
    m_head_word_size                         0x200040ac   Data           4  pstorage.o(.data)
    m_tail_word_size                         0x200040b0   Data           4  pstorage.o(.data)
    m_current_page_id                        0x200040b4   Data           4  pstorage.o(.data)
    m_num_of_command_retries                 0x200040b8   Data           4  pstorage.o(.data)
    m_num_of_bytes_written                   0x200040bc   Data           4  pstorage.o(.data)
    m_app_data_size                          0x200040c0   Data           4  pstorage.o(.data)
    .data                                    0x200040c4   Section       20  app_button.o(.data)
    m_button_count                           0x200040c4   Data           1  app_button.o(.data)
    mp_buttons                               0x200040c8   Data           4  app_button.o(.data)
    m_detection_delay                        0x200040cc   Data           4  app_button.o(.data)
    m_pin_state                              0x200040d0   Data           4  app_button.o(.data)
    m_pin_transition                         0x200040d4   Data           4  app_button.o(.data)
    .data                                    0x200040d8   Section       32  app_timer.o(.data)
    m_user_array_size                        0x200040d8   Data           1  app_timer.o(.data)
    m_ticks_elapsed_q_read_ind               0x200040d9   Data           1  app_timer.o(.data)
    m_ticks_elapsed_q_write_ind              0x200040da   Data           1  app_timer.o(.data)
    m_rtc1_running                           0x200040db   Data           1  app_timer.o(.data)
    m_rtc1_reset                             0x200040dc   Data           1  app_timer.o(.data)
    mp_users                                 0x200040e0   Data           4  app_timer.o(.data)
    mp_timer_id_head                         0x200040e4   Data           4  app_timer.o(.data)
    m_ticks_latest                           0x200040e8   Data           4  app_timer.o(.data)
    m_evt_schedule_func                      0x200040ec   Data           4  app_timer.o(.data)
    m_ticks_elapsed                          0x200040f0   Data           8  app_timer.o(.data)
    .data                                    0x200040f8   Section        4  retarget.o(.data)
    .data                                    0x200040fc   Section       20  softdevice_handler.o(.data)
    m_softdevice_enabled                     0x200040fc   Data           1  softdevice_handler.o(.data)
    m_ble_evt_buffer_size                    0x200040fe   Data           2  softdevice_handler.o(.data)
    m_evt_schedule_func                      0x20004100   Data           4  softdevice_handler.o(.data)
    mp_ble_evt_buffer                        0x20004104   Data           4  softdevice_handler.o(.data)
    m_ble_evt_handler                        0x20004108   Data           4  softdevice_handler.o(.data)
    m_sys_evt_handler                        0x2000410c   Data           4  softdevice_handler.o(.data)
    .bss                                     0x20004110   Section       32  main.o(.bss)
    m_our_char_timer_id_data                 0x20004110   Data          32  main.o(.bss)
    .bss                                     0x20004130   Section      580  main.o(.bss)
    APP_TIMER_BUF                            0x20004130   Data         240  main.o(.bss)
    BLE_EVT_BUFFER                           0x20004220   Data          72  main.o(.bss)
    tx_buf                                   0x20004268   Data         256  main.o(.bss)
    .bss                                     0x20004374   Section     1060  our_service.o(.bss)
    .bss                                     0x20004798   Section      652  tlv.o(.bss)
    .bss                                     0x20004a24   Section       32  bsp.o(.bss)
    m_leds_timer_id_data                     0x20004a24   Data          32  bsp.o(.bss)
    .bss                                     0x20004a44   Section       32  bsp.o(.bss)
    m_alert_timer_id_data                    0x20004a44   Data          32  bsp.o(.bss)
    .bss                                     0x20004a64   Section       12  bsp.o(.bss)
    m_events_list                            0x20004a64   Data          12  bsp.o(.bss)
    .bss                                     0x20004a70   Section       32  bsp.o(.bss)
    m_button_timer_id_data                   0x20004a70   Data          32  bsp.o(.bss)
    .bss                                     0x20004a90   Section      335  device_manager_peripheral.o(.bss)
    m_app_context_table                      0x20004a90   Data          28  device_manager_peripheral.o(.bss)
    m_peer_table                             0x20004aac   Data         196  device_manager_peripheral.o(.bss)
    m_bond_table                             0x20004b70   Data          28  device_manager_peripheral.o(.bss)
    m_gatts_table                            0x20004b8c   Data          36  device_manager_peripheral.o(.bss)
    m_connection_table                       0x20004bb0   Data          12  device_manager_peripheral.o(.bss)
    m_application_table                      0x20004bbc   Data          12  device_manager_peripheral.o(.bss)
    m_local_id_info                          0x20004bc8   Data          23  device_manager_peripheral.o(.bss)
    .bss                                     0x20004be0   Section      259  ble_advertising.o(.bss)
    m_advdata                                0x20004be0   Data          56  ble_advertising.o(.bss)
    m_adv_modes_config                       0x20004c18   Data          36  ble_advertising.o(.bss)
    m_whitelist                              0x20004c3c   Data          16  ble_advertising.o(.bss)
    mp_whitelist_addr                        0x20004c4c   Data          32  ble_advertising.o(.bss)
    mp_whitelist_irk                         0x20004c6c   Data          32  ble_advertising.o(.bss)
    m_manuf_specific_data                    0x20004c8c   Data          12  ble_advertising.o(.bss)
    m_manuf_data_array                       0x20004c98   Data          31  ble_advertising.o(.bss)
    m_service_data                           0x20004cb8   Data          12  ble_advertising.o(.bss)
    m_service_data_array                     0x20004cc4   Data          31  ble_advertising.o(.bss)
    .bss                                     0x20004ce4   Section       32  ble_conn_params.o(.bss)
    m_conn_params_timer_id_data              0x20004ce4   Data          32  ble_conn_params.o(.bss)
    .bss                                     0x20004d04   Section       28  ble_conn_params.o(.bss)
    m_conn_params_config                     0x20004d04   Data          28  ble_conn_params.o(.bss)
    .bss                                     0x20004d20   Section       88  nrf_drv_gpiote.o(.bss)
    m_cb                                     0x20004d20   Data          88  nrf_drv_gpiote.o(.bss)
    .bss                                     0x20004d78   Section       32  nrf_drv_uart.o(.bss)
    m_cb                                     0x20004d78   Data          32  nrf_drv_uart.o(.bss)
    .bss                                     0x20004d98   Section       32  app_uart_fifo.o(.bss)
    m_rx_fifo                                0x20004d98   Data          16  app_uart_fifo.o(.bss)
    m_tx_fifo                                0x20004da8   Data          16  app_uart_fifo.o(.bss)
    .bss                                     0x20004db8   Section      628  pstorage.o(.bss)
    m_cmd_queue                              0x20004db8   Data         604  pstorage.o(.bss)
    m_app_table                              0x20005014   Data          24  pstorage.o(.bss)
    .bss                                     0x2000502c   Section       32  app_button.o(.bss)
    m_detection_delay_timer_id_data          0x2000502c   Data          32  app_button.o(.bss)
    STACK                                    0x20005050   Section     8192  arm_startup_nrf52.o(STACK)

    Global Symbols

    Symbol Name                              Value     Ov Type        Size  Object(Section)

    BuildAttributes$$THM_ISAv4$E$P$D$K$B$S$7EM$VFPi3$EXTD16$VFPS$VFMA$PE$A:L22UL41UL21$X:L11$S22US41US21$IEEE1$IW$USESV6$~STKCKD$USESV7$~SHL$OSPACE$ROPI$EBA8$MICROLIB$REQ8$PRES8$EABIv2 0x00000000   Number         0  anon$$obj.o ABSOLUTE
    __ARM_use_no_argv                        0x00000000   Number         0  main.o ABSOLUTE
    _printf_a                                0x00000000   Number         0  stubs.o ABSOLUTE
    _printf_c                                0x00000000   Number         0  stubs.o ABSOLUTE
    _printf_charcount                        0x00000000   Number         0  stubs.o ABSOLUTE
    _printf_d                                0x00000000   Number         0  stubs.o ABSOLUTE
    _printf_e                                0x00000000   Number         0  stubs.o ABSOLUTE
    _printf_f                                0x00000000   Number         0  stubs.o ABSOLUTE
    _printf_flags                            0x00000000   Number         0  stubs.o ABSOLUTE
    _printf_fp_dec                           0x00000000   Number         0  stubs.o ABSOLUTE
    _printf_fp_hex                           0x00000000   Number         0  stubs.o ABSOLUTE
    _printf_g                                0x00000000   Number         0  stubs.o ABSOLUTE
    _printf_i                                0x00000000   Number         0  stubs.o ABSOLUTE
    _printf_int_dec                          0x00000000   Number         0  stubs.o ABSOLUTE
    _printf_l                                0x00000000   Number         0  stubs.o ABSOLUTE
    _printf_lc                               0x00000000   Number         0  stubs.o ABSOLUTE
    _printf_ll                               0x00000000   Number         0  stubs.o ABSOLUTE
    _printf_lld                              0x00000000   Number         0  stubs.o ABSOLUTE
    _printf_lli                              0x00000000   Number         0  stubs.o ABSOLUTE
    _printf_llo                              0x00000000   Number         0  stubs.o ABSOLUTE
    _printf_llu                              0x00000000   Number         0  stubs.o ABSOLUTE
    _printf_llx                              0x00000000   Number         0  stubs.o ABSOLUTE
    _printf_longlong_dec                     0x00000000   Number         0  stubs.o ABSOLUTE
    _printf_longlong_hex                     0x00000000   Number         0  stubs.o ABSOLUTE
    _printf_longlong_oct                     0x00000000   Number         0  stubs.o ABSOLUTE
    _printf_ls                               0x00000000   Number         0  stubs.o ABSOLUTE
    _printf_mbtowc                           0x00000000   Number         0  stubs.o ABSOLUTE
    _printf_n                                0x00000000   Number         0  stubs.o ABSOLUTE
    _printf_o                                0x00000000   Number         0  stubs.o ABSOLUTE
    _printf_p                                0x00000000   Number         0  stubs.o ABSOLUTE
    _printf_percent                          0x00000000   Number         0  stubs.o ABSOLUTE
    _printf_pre_padding                      0x00000000   Number         0  stubs.o ABSOLUTE
    _printf_return_value                     0x00000000   Number         0  stubs.o ABSOLUTE
    _printf_s                                0x00000000   Number         0  stubs.o ABSOLUTE
    _printf_sizespec                         0x00000000   Number         0  stubs.o ABSOLUTE
    _printf_str                              0x00000000   Number         0  stubs.o ABSOLUTE
    _printf_truncate_signed                  0x00000000   Number         0  stubs.o ABSOLUTE
    _printf_truncate_unsigned                0x00000000   Number         0  stubs.o ABSOLUTE
    _printf_u                                0x00000000   Number         0  stubs.o ABSOLUTE
    _printf_wc                               0x00000000   Number         0  stubs.o ABSOLUTE
    _printf_wctomb                           0x00000000   Number         0  stubs.o ABSOLUTE
    _printf_widthprec                        0x00000000   Number         0  stubs.o ABSOLUTE
    _printf_x                                0x00000000   Number         0  stubs.o ABSOLUTE
    __cpp_initialize__aeabi_                  - Undefined Weak Reference
    __cxa_finalize                            - Undefined Weak Reference
    __decompress                              - Undefined Weak Reference
    _clock_init                               - Undefined Weak Reference
    _microlib_exit                            - Undefined Weak Reference
    __Vectors_Size                           0x00000200   Number         0  arm_startup_nrf52.o ABSOLUTE
    __Vectors                                0x0001b000   Data           4  arm_startup_nrf52.o(RESET)
    __Vectors_End                            0x0001b200   Data           0  arm_startup_nrf52.o(RESET)
    __main                                   0x0001b201   Thumb Code     0  entry.o(.ARM.Collect$$$$00000000)
    _main_stk                                0x0001b201   Thumb Code     0  entry2.o(.ARM.Collect$$$$00000001)
    _main_scatterload                        0x0001b205   Thumb Code     0  entry5.o(.ARM.Collect$$$$00000004)
    __main_after_scatterload                 0x0001b209   Thumb Code     0  entry5.o(.ARM.Collect$$$$00000004)
    _main_clock                              0x0001b209   Thumb Code     0  entry7b.o(.ARM.Collect$$$$00000008)
    _main_cpp_init                           0x0001b209   Thumb Code     0  entry8b.o(.ARM.Collect$$$$0000000A)
    _main_init                               0x0001b209   Thumb Code     0  entry9a.o(.ARM.Collect$$$$0000000B)
    __rt_final_cpp                           0x0001b211   Thumb Code     0  entry10a.o(.ARM.Collect$$$$0000000D)
    __rt_final_exit                          0x0001b211   Thumb Code     0  entry11a.o(.ARM.Collect$$$$0000000F)
    __asm___11_nrf_delay_c_532987f3__nrf_delay_us 0x0001b215   Thumb Code   118  nrf_delay.o(.emb_text)
    __asm___11_app_timer_c_cd27f9c3__nrf_delay_us 0x0001b28d   Thumb Code   118  app_timer.o(.emb_text)
    Reset_Handler                            0x0001b305   Thumb Code     8  arm_startup_nrf52.o(.text)
    NMI_Handler                              0x0001b30d   Thumb Code     2  arm_startup_nrf52.o(.text)
    HardFault_Handler                        0x0001b30f   Thumb Code     2  arm_startup_nrf52.o(.text)
    MemoryManagement_Handler                 0x0001b311   Thumb Code     2  arm_startup_nrf52.o(.text)
    BusFault_Handler                         0x0001b313   Thumb Code     2  arm_startup_nrf52.o(.text)
    UsageFault_Handler                       0x0001b315   Thumb Code     2  arm_startup_nrf52.o(.text)
    SVC_Handler                              0x0001b317   Thumb Code     2  arm_startup_nrf52.o(.text)
    DebugMon_Handler                         0x0001b319   Thumb Code     2  arm_startup_nrf52.o(.text)
    PendSV_Handler                           0x0001b31b   Thumb Code     2  arm_startup_nrf52.o(.text)
    SysTick_Handler                          0x0001b31d   Thumb Code     2  arm_startup_nrf52.o(.text)
    CCM_AAR_IRQHandler                       0x0001b31f   Thumb Code     0  arm_startup_nrf52.o(.text)
    COMP_LPCOMP_IRQHandler                   0x0001b31f   Thumb Code     0  arm_startup_nrf52.o(.text)
    ECB_IRQHandler                           0x0001b31f   Thumb Code     0  arm_startup_nrf52.o(.text)
    FPU_IRQHandler                           0x0001b31f   Thumb Code     0  arm_startup_nrf52.o(.text)
    I2S_IRQHandler                           0x0001b31f   Thumb Code     0  arm_startup_nrf52.o(.text)
    MWU_IRQHandler                           0x0001b31f   Thumb Code     0  arm_startup_nrf52.o(.text)
    NFCT_IRQHandler                          0x0001b31f   Thumb Code     0  arm_startup_nrf52.o(.text)
    PDM_IRQHandler                           0x0001b31f   Thumb Code     0  arm_startup_nrf52.o(.text)
    POWER_CLOCK_IRQHandler                   0x0001b31f   Thumb Code     0  arm_startup_nrf52.o(.text)
    PWM0_IRQHandler                          0x0001b31f   Thumb Code     0  arm_startup_nrf52.o(.text)
    PWM1_IRQHandler                          0x0001b31f   Thumb Code     0  arm_startup_nrf52.o(.text)
    PWM2_IRQHandler                          0x0001b31f   Thumb Code     0  arm_startup_nrf52.o(.text)
    QDEC_IRQHandler                          0x0001b31f   Thumb Code     0  arm_startup_nrf52.o(.text)
    RADIO_IRQHandler                         0x0001b31f   Thumb Code     0  arm_startup_nrf52.o(.text)
    RNG_IRQHandler                           0x0001b31f   Thumb Code     0  arm_startup_nrf52.o(.text)
    RTC0_IRQHandler                          0x0001b31f   Thumb Code     0  arm_startup_nrf52.o(.text)
    RTC2_IRQHandler                          0x0001b31f   Thumb Code     0  arm_startup_nrf52.o(.text)
    SAADC_IRQHandler                         0x0001b31f   Thumb Code     0  arm_startup_nrf52.o(.text)
    SPIM0_SPIS0_TWIM0_TWIS0_SPI0_TWI0_IRQHandler 0x0001b31f   Thumb Code     0  arm_startup_nrf52.o(.text)
    SPIM1_SPIS1_TWIM1_TWIS1_SPI1_TWI1_IRQHandler 0x0001b31f   Thumb Code     0  arm_startup_nrf52.o(.text)
    SPIM2_SPIS2_SPI2_IRQHandler              0x0001b31f   Thumb Code     0  arm_startup_nrf52.o(.text)
    SWI1_EGU1_IRQHandler                     0x0001b31f   Thumb Code     0  arm_startup_nrf52.o(.text)
    SWI3_EGU3_IRQHandler                     0x0001b31f   Thumb Code     0  arm_startup_nrf52.o(.text)
    SWI4_EGU4_IRQHandler                     0x0001b31f   Thumb Code     0  arm_startup_nrf52.o(.text)
    SWI5_EGU5_IRQHandler                     0x0001b31f   Thumb Code     0  arm_startup_nrf52.o(.text)
    TEMP_IRQHandler                          0x0001b31f   Thumb Code     0  arm_startup_nrf52.o(.text)
    TIMER0_IRQHandler                        0x0001b31f   Thumb Code     0  arm_startup_nrf52.o(.text)
    TIMER1_IRQHandler                        0x0001b31f   Thumb Code     0  arm_startup_nrf52.o(.text)
    TIMER2_IRQHandler                        0x0001b31f   Thumb Code     0  arm_startup_nrf52.o(.text)
    TIMER3_IRQHandler                        0x0001b31f   Thumb Code     0  arm_startup_nrf52.o(.text)
    TIMER4_IRQHandler                        0x0001b31f   Thumb Code     0  arm_startup_nrf52.o(.text)
    WDT_IRQHandler                           0x0001b31f   Thumb Code     0  arm_startup_nrf52.o(.text)
    __aeabi_memcpy                           0x0001b329   Thumb Code    36  memcpya.o(.text)
    __aeabi_memcpy4                          0x0001b329   Thumb Code     0  memcpya.o(.text)
    __aeabi_memcpy8                          0x0001b329   Thumb Code     0  memcpya.o(.text)
    __aeabi_memset                           0x0001b34d   Thumb Code    14  memseta.o(.text)
    __aeabi_memset4                          0x0001b34d   Thumb Code     0  memseta.o(.text)
    __aeabi_memset8                          0x0001b34d   Thumb Code     0  memseta.o(.text)
    __aeabi_memclr                           0x0001b35b   Thumb Code     4  memseta.o(.text)
    __aeabi_memclr4                          0x0001b35b   Thumb Code     0  memseta.o(.text)
    __aeabi_memclr8                          0x0001b35b   Thumb Code     0  memseta.o(.text)
    _memset$wrapper                          0x0001b35f   Thumb Code    18  memseta.o(.text)
    memcmp                                   0x0001b371   Thumb Code    26  memcmp.o(.text)
    __aeabi_dmul                             0x0001b38b   Thumb Code   228  dmul.o(.text)
    __aeabi_ui2d                             0x0001b46f   Thumb Code    26  dfltui.o(.text)
    __aeabi_uidiv                            0x0001b489   Thumb Code     0  uidiv.o(.text)
    __aeabi_uidivmod                         0x0001b489   Thumb Code    44  uidiv.o(.text)
    __aeabi_uldivmod                         0x0001b4b5   Thumb Code    98  uldiv.o(.text)
    __I$use$fp                               0x0001b517   Thumb Code     0  iusefp.o(.text)
    _double_round                            0x0001b517   Thumb Code    30  depilogue.o(.text)
    _double_epilogue                         0x0001b535   Thumb Code   156  depilogue.o(.text)
    __aeabi_dadd                             0x0001b5d1   Thumb Code   322  dadd.o(.text)
    __aeabi_dsub                             0x0001b713   Thumb Code     6  dadd.o(.text)
    __aeabi_drsub                            0x0001b719   Thumb Code     6  dadd.o(.text)
    __aeabi_ddiv                             0x0001b71f   Thumb Code   222  ddiv.o(.text)
    __aeabi_d2ulz                            0x0001b7fd   Thumb Code    48  dfixul.o(.text)
    __aeabi_cdrcmple                         0x0001b82d   Thumb Code    48  cdrcmple.o(.text)
    __scatterload                            0x0001b85d   Thumb Code    28  init.o(.text)
    __scatterload_rt2                        0x0001b85d   Thumb Code     0  init.o(.text)
    __aeabi_llsl                             0x0001b881   Thumb Code    30  llshl.o(.text)
    _ll_shift_l                              0x0001b881   Thumb Code     0  llshl.o(.text)
    __aeabi_llsr                             0x0001b89f   Thumb Code    32  llushr.o(.text)
    _ll_ushift_r                             0x0001b89f   Thumb Code     0  llushr.o(.text)
    __aeabi_lasr                             0x0001b8bf   Thumb Code    36  llsshr.o(.text)
    _ll_sshift_r                             0x0001b8bf   Thumb Code     0  llsshr.o(.text)
    APP_ERROR_CHECK                          0x0001b8e3   Thumb Code    12  app_error.o(i.APP_ERROR_CHECK)
    FlashRead                                0x0001b8f1   Thumb Code    28  flash.o(i.FlashRead)
    GPIOTE_IRQHandler                        0x0001b90d   Thumb Code   248  nrf_drv_gpiote.o(i.GPIOTE_IRQHandler)
    ProcessTLV                               0x0001bbd9   Thumb Code   190  tlv.o(i.ProcessTLV)
    RTC1_IRQHandler                          0x0001bca9   Thumb Code    32  app_timer.o(i.RTC1_IRQHandler)
    Rad_PrintHexVal                          0x0001bccd   Thumb Code    70  basemodule.o(i.Rad_PrintHexVal)
    Rad_UartWriteInHex                       0x0001bd19   Thumb Code    52  basemodule.o(i.Rad_UartWriteInHex)
    SWI0_EGU0_IRQHandler                     0x0001bd55   Thumb Code     4  app_timer.o(i.SWI0_EGU0_IRQHandler)
    SWI2_EGU2_IRQHandler                     0x0001bd59   Thumb Code    26  softdevice_handler.o(i.SWI2_EGU2_IRQHandler)
    SendTLVResp                              0x0001bd79   Thumb Code    30  tlv.o(i.SendTLVResp)
    SystemInit                               0x0001beed   Thumb Code   700  system_nrf52.o(i.SystemInit)
    UARTE0_UART0_IRQHandler                  0x0001c1e9   Thumb Code    14  nrf_drv_uart.o(i.UARTE0_UART0_IRQHandler)
    __0printf                                0x0001c359   Thumb Code    22  printfa.o(i.__0printf)
    __1printf                                0x0001c359   Thumb Code     0  printfa.o(i.__0printf)
    __2printf                                0x0001c359   Thumb Code     0  printfa.o(i.__0printf)
    __c89printf                              0x0001c359   Thumb Code     0  printfa.o(i.__0printf)
    printf                                   0x0001c359   Thumb Code     0  printfa.o(i.__0printf)
    __scatterload_copy                       0x0001c379   Thumb Code    14  handlers.o(i.__scatterload_copy)
    __scatterload_null                       0x0001c387   Thumb Code     2  handlers.o(i.__scatterload_null)
    __scatterload_zeroinit                   0x0001c389   Thumb Code    14  handlers.o(i.__scatterload_zeroinit)
    adv_data_encode                          0x0001cc4b   Thumb Code   514  ble_advdata.o(i.adv_data_encode)
    app_button_enable                        0x0001cea5   Thumb Code    32  app_button.o(i.app_button_enable)
    app_button_init                          0x0001cec9   Thumb Code    96  app_button.o(i.app_button_init)
    app_error_fault_handler                  0x0001cf39   Thumb Code    26  app_error.o(i.app_error_fault_handler)
    app_error_handler_bare                   0x0001cf5d   Thumb Code    20  app_error.o(i.app_error_handler_bare)
    app_fifo_get                             0x0001cf7d   Thumb Code    22  app_fifo.o(i.app_fifo_get)
    app_fifo_init                            0x0001cf93   Thumb Code    32  app_fifo.o(i.app_fifo_init)
    app_fifo_put                             0x0001cfb3   Thumb Code    26  app_fifo.o(i.app_fifo_put)
    app_timer_cnt_diff_compute               0x0001d01d   Thumb Code    12  app_timer.o(i.app_timer_cnt_diff_compute)
    app_timer_cnt_get                        0x0001d029   Thumb Code    10  app_timer.o(i.app_timer_cnt_get)
    app_timer_create                         0x0001d039   Thumb Code    32  app_timer.o(i.app_timer_create)
    app_timer_init                           0x0001d05d   Thumb Code   134  app_timer.o(i.app_timer_init)
    app_timer_start                          0x0001d0ed   Thumb Code   118  app_timer.o(i.app_timer_start)
    app_timer_stop                           0x0001d16d   Thumb Code    76  app_timer.o(i.app_timer_stop)
    app_uart_init                            0x0001d1bd   Thumb Code   146  app_uart_fifo.o(i.app_uart_init)
    app_uart_put                             0x0001d261   Thumb Code    34  app_uart_fifo.o(i.app_uart_put)
    ble_advdata_set                          0x0001d305   Thumb Code   104  ble_advdata.o(i.ble_advdata_set)
    ble_advertising_init                     0x0001d36d   Thumb Code   274  ble_advertising.o(i.ble_advertising_init)
    ble_advertising_on_ble_evt               0x0001d489   Thumb Code   122  ble_advertising.o(i.ble_advertising_on_ble_evt)
    ble_advertising_on_sys_evt               0x0001d509   Thumb Code    46  ble_advertising.o(i.ble_advertising_on_sys_evt)
    ble_advertising_restart_without_whitelist 0x0001d54d   Thumb Code    48  ble_advertising.o(i.ble_advertising_restart_without_whitelist)
    ble_advertising_start                    0x0001d585   Thumb Code   462  ble_advertising.o(i.ble_advertising_start)
    ble_conn_params_init                     0x0001d75d   Thumb Code    72  ble_conn_params.o(i.ble_conn_params_init)
    ble_conn_params_on_ble_evt               0x0001d7b5   Thumb Code   126  ble_conn_params.o(i.ble_conn_params_on_ble_evt)
    ble_our_service_on_ble_evt               0x0001d8f1   Thumb Code   122  our_service.o(i.ble_our_service_on_ble_evt)
    bond_data_load                           0x0001da75   Thumb Code    60  device_manager_peripheral.o(i.bond_data_load)
    bsp_btn_ble_init                         0x0001dabd   Thumb Code    72  bsp_btn_ble.o(i.bsp_btn_ble_init)
    bsp_btn_ble_on_ble_evt                   0x0001db09   Thumb Code   106  bsp_btn_ble.o(i.bsp_btn_ble_on_ble_evt)
    bsp_btn_ble_sleep_mode_prepare           0x0001db79   Thumb Code    18  bsp_btn_ble.o(i.bsp_btn_ble_sleep_mode_prepare)
    bsp_button_is_pressed                    0x0001dc35   Thumb Code    34  bsp.o(i.bsp_button_is_pressed)
    bsp_event_handler                        0x0001dc61   Thumb Code   100  main.o(i.bsp_event_handler)
    bsp_event_to_button_action_assign        0x0001dd2d   Thumb Code    64  bsp.o(i.bsp_event_to_button_action_assign)
    bsp_indication_set                       0x0001dd71   Thumb Code    20  bsp.o(i.bsp_indication_set)
    bsp_init                                 0x0001dd89   Thumb Code   140  bsp.o(i.bsp_init)
    bsp_wakeup_buttons_set                   0x0001e051   Thumb Code    54  bsp.o(i.bsp_wakeup_buttons_set)
    clock_initialization                     0x0001e225   Thumb Code    26  main.o(i.clock_initialization)
    dm_ble_evt_handler                       0x0001e78d   Thumb Code  1112  device_manager_peripheral.o(i.dm_ble_evt_handler)
    dm_handle_initialize                     0x0001ebe5   Thumb Code    22  device_manager_peripheral.o(i.dm_handle_initialize)
    dm_init                                  0x0001ebfd   Thumb Code   182  device_manager_peripheral.o(i.dm_init)
    dm_register                              0x0001ee4d   Thumb Code    94  device_manager_peripheral.o(i.dm_register)
    flash_page_erase                         0x0001efc5   Thumb Code    38  flash.o(i.flash_page_erase)
    flash_word_write                         0x0001effd   Thumb Code    36  flash.o(i.flash_word_write)
    fputc                                    0x0001f02f   Thumb Code    14  retarget.o(i.fputc)
    fragment_write                           0x0001f03d   Thumb Code   150  our_service.o(i.fragment_write)
    get_ble_data                             0x0001f2c1   Thumb Code    26  our_service.o(i.get_ble_data)
    intern_softdevice_events_execute         0x0001f3b1   Thumb Code   106  softdevice_handler.o(i.intern_softdevice_events_execute)
    main                                     0x0001f67d   Thumb Code   424  main.o(i.main)
    nrf_delay_ms                             0x0001f9d9   Thumb Code    26  nrf_delay.o(i.nrf_delay_ms)
    nrf_drv_common_irq_enable                0x0001f9f3   Thumb Code    56  nrf_drv_common.o(i.nrf_drv_common_irq_enable)
    nrf_drv_gpiote_in_event_enable           0x0001fa2d   Thumb Code   150  nrf_drv_gpiote.o(i.nrf_drv_gpiote_in_event_enable)
    nrf_drv_gpiote_in_init                   0x0001fad1   Thumb Code   170  nrf_drv_gpiote.o(i.nrf_drv_gpiote_in_init)
    nrf_drv_gpiote_in_is_set                 0x0001fb89   Thumb Code    16  nrf_drv_gpiote.o(i.nrf_drv_gpiote_in_is_set)
    nrf_drv_gpiote_init                      0x0001fb9d   Thumb Code    76  nrf_drv_gpiote.o(i.nrf_drv_gpiote_init)
    nrf_drv_gpiote_is_init                   0x0001fbf1   Thumb Code    14  nrf_drv_gpiote.o(i.nrf_drv_gpiote_is_init)
    nrf_drv_uart_init                        0x0001fc05   Thumb Code   126  nrf_drv_uart.o(i.nrf_drv_uart_init)
    nrf_drv_uart_rx                          0x0001fc99   Thumb Code   132  nrf_drv_uart.o(i.nrf_drv_uart_rx)
    nrf_drv_uart_rx_enable                   0x0001fd25   Thumb Code    26  nrf_drv_uart.o(i.nrf_drv_uart_rx_enable)
    nrf_drv_uart_tx                          0x0001fe71   Thumb Code   128  nrf_drv_uart.o(i.nrf_drv_uart_tx)
    nstrcpy                                  0x00020045   Thumb Code    26  our_service.o(i.nstrcpy)
    our_characteristic_update                0x000202ad   Thumb Code    64  our_service.o(i.our_characteristic_update)
    our_service_init                         0x000202f5   Thumb Code    68  our_service.o(i.our_service_init)
    power_manage                             0x000203c5   Thumb Code     6  main.o(i.power_manage)
    pstorage_access_status_get               0x000203cd   Thumb Code    28  pstorage.o(i.pstorage_access_status_get)
    pstorage_block_identifier_get            0x000203f1   Thumb Code    76  pstorage.o(i.pstorage_block_identifier_get)
    pstorage_clear                           0x00020445   Thumb Code   148  pstorage.o(i.pstorage_clear)
    pstorage_init                            0x00020509   Thumb Code    84  pstorage.o(i.pstorage_init)
    pstorage_load                            0x00020569   Thumb Code   158  pstorage.o(i.pstorage_load)
    pstorage_register                        0x00020611   Thumb Code   172  pstorage.o(i.pstorage_register)
    pstorage_store                           0x000206c5   Thumb Code   128  pstorage.o(i.pstorage_store)
    pstorage_sys_event_handler               0x0002074d   Thumb Code    66  pstorage.o(i.pstorage_sys_event_handler)
    pstorage_update                          0x00020795   Thumb Code   128  pstorage.o(i.pstorage_update)
    put_ble_data                             0x0002081d   Thumb Code   136  our_service.o(i.put_ble_data)
    reassemble                               0x00020935   Thumb Code   260  our_service.o(i.reassemble)
    sd_check_ram_start                       0x00020bc1   Thumb Code    10  softdevice_handler.o(i.sd_check_ram_start)
    softdevice_ble_evt_handler_set           0x00020cb5   Thumb Code    14  softdevice_handler.o(i.softdevice_ble_evt_handler_set)
    softdevice_enable                        0x00020cc9   Thumb Code    14  softdevice_handler.o(i.softdevice_enable)
    softdevice_enable_get_default_config     0x00020cdd   Thumb Code    38  softdevice_handler.o(i.softdevice_enable_get_default_config)
    softdevice_fault_handler                 0x00020d03   Thumb Code     4  softdevice_handler.o(i.softdevice_fault_handler)
    softdevice_handler_init                  0x00020d09   Thumb Code    38  softdevice_handler.o(i.softdevice_handler_init)
    softdevice_sys_evt_handler_set           0x00020d39   Thumb Code    14  softdevice_handler.o(i.softdevice_sys_evt_handler_set)
    m_context_init_len                       0x000215c0   Data           4  device_manager_peripheral.o(.constdata)
    m_service_context_store                  0x000215c4   Data          16  device_manager_peripheral.o(.constdata)
    m_service_context_load                   0x000215d4   Data          16  device_manager_peripheral.o(.constdata)
    m_service_context_apply                  0x000215e4   Data          16  device_manager_peripheral.o(.constdata)
    Region$$Table$$Base                      0x00021668   Number         0  anon$$obj.o(Region$$Table)
    Region$$Table$$Limit                     0x00021688   Number         0  anon$$obj.o(Region$$Table)
    Image$$RW_IRAM1$$Base                    0x20004000   Number         0  anon$$obj.o ABSOLUTE
    start_of_pkt                             0x20004004   Data           1  our_service.o(.data)
    cccd_msg_rcvd                            0x20004005   Data           1  our_service.o(.data)
    Tlvformed                                0x20004006   Data           1  our_service.o(.data)
    notif_indic_enabled                      0x20004007   Data           1  our_service.o(.data)
    fragment                                 0x20004009   Data           1  our_service.o(.data)
    rem_pktlen                               0x2000400e   Data           2  our_service.o(.data)
    pktlen                                   0x20004010   Data           2  our_service.o(.data)
    err_code                                 0x20004014   Data           4  our_service.o(.data)
    conn_params_req                          0x20004018   Data           8  our_service.o(.data)
    g_ix_active_cards                        0x20004024   Data           4  tlv.o(.data)
    SystemCoreClock                          0x20004048   Data           4  system_nrf52.o(.data)
    __stdout                                 0x200040f8   Data           4  retarget.o(.data)
    m_our_service                            0x20004368   Data          12  main.o(.bss)
    hvx_params                               0x20004374   Data          16  our_service.o(.bss)
    data_buffer                              0x20004384   Data          20  our_service.o(.bss)
    full_data                                0x20004398   Data        1024  our_service.o(.bss)
    addcard_info                             0x20004798   Data         128  tlv.o(.bss)
    gResponseTLV                             0x20004818   Data         254  tlv.o(.bss)
    g_active_cards                           0x20004918   Data          16  tlv.o(.bss)
    TLV                                      0x20004928   Data         252  tlv.o(.bss)
    __initial_sp                             0x20007050   Data           0  arm_startup_nrf52.o(STACK)



==============================================================================

Memory Map of the image

  Image Entry point : 0x0001b201

  Load Region LR_IROM1 (Base: 0x0001b000, Size: 0x00006798, Max: 0x00065000, ABSOLUTE)

    Execution Region ER_IROM1 (Exec base: 0x0001b000, Load base: 0x0001b000, Size: 0x00006688, Max: 0x00065000, ABSOLUTE)

    Exec Addr    Load Addr    Size         Type   Attr      Idx    E Section Name        Object

    0x0001b000   0x0001b000   0x00000200   Data   RO          795    RESET               arm_startup_nrf52.o
    0x0001b200   0x0001b200   0x00000000   Code   RO         2990  * .ARM.Collect$$$$00000000  mc_w.l(entry.o)
    0x0001b200   0x0001b200   0x00000004   Code   RO         3270    .ARM.Collect$$$$00000001  mc_w.l(entry2.o)
    0x0001b204   0x0001b204   0x00000004   Code   RO         3273    .ARM.Collect$$$$00000004  mc_w.l(entry5.o)
    0x0001b208   0x0001b208   0x00000000   Code   RO         3275    .ARM.Collect$$$$00000008  mc_w.l(entry7b.o)
    0x0001b208   0x0001b208   0x00000000   Code   RO         3277    .ARM.Collect$$$$0000000A  mc_w.l(entry8b.o)
    0x0001b208   0x0001b208   0x00000008   Code   RO         3278    .ARM.Collect$$$$0000000B  mc_w.l(entry9a.o)
    0x0001b210   0x0001b210   0x00000000   Code   RO         3280    .ARM.Collect$$$$0000000D  mc_w.l(entry10a.o)
    0x0001b210   0x0001b210   0x00000000   Code   RO         3282    .ARM.Collect$$$$0000000F  mc_w.l(entry11a.o)
    0x0001b210   0x0001b210   0x00000004   Code   RO         3271    .ARM.Collect$$$$00002712  mc_w.l(entry2.o)
    0x0001b214   0x0001b214   0x00000076   Code   RO         1449    .emb_text           nrf_delay.o
    0x0001b28a   0x0001b28a   0x00000002   PAD
    0x0001b28c   0x0001b28c   0x00000076   Code   RO         2551    .emb_text           app_timer.o
    0x0001b302   0x0001b302   0x00000002   PAD
    0x0001b304   0x0001b304   0x00000024   Code   RO          796    .text               arm_startup_nrf52.o
    0x0001b328   0x0001b328   0x00000024   Code   RO         2993    .text               mc_w.l(memcpya.o)
    0x0001b34c   0x0001b34c   0x00000024   Code   RO         2995    .text               mc_w.l(memseta.o)
    0x0001b370   0x0001b370   0x0000001a   Code   RO         2999    .text               mc_w.l(memcmp.o)
    0x0001b38a   0x0001b38a   0x000000e4   Code   RO         3266    .text               mf_w.l(dmul.o)
    0x0001b46e   0x0001b46e   0x0000001a   Code   RO         3268    .text               mf_w.l(dfltui.o)
    0x0001b488   0x0001b488   0x0000002c   Code   RO         3284    .text               mc_w.l(uidiv.o)
    0x0001b4b4   0x0001b4b4   0x00000062   Code   RO         3286    .text               mc_w.l(uldiv.o)
    0x0001b516   0x0001b516   0x00000000   Code   RO         3288    .text               mc_w.l(iusefp.o)
    0x0001b516   0x0001b516   0x000000ba   Code   RO         3289    .text               mf_w.l(depilogue.o)
    0x0001b5d0   0x0001b5d0   0x0000014e   Code   RO         3291    .text               mf_w.l(dadd.o)
    0x0001b71e   0x0001b71e   0x000000de   Code   RO         3293    .text               mf_w.l(ddiv.o)
    0x0001b7fc   0x0001b7fc   0x00000030   Code   RO         3295    .text               mf_w.l(dfixul.o)
    0x0001b82c   0x0001b82c   0x00000030   Code   RO         3297    .text               mf_w.l(cdrcmple.o)
    0x0001b85c   0x0001b85c   0x00000024   Code   RO         3299    .text               mc_w.l(init.o)
    0x0001b880   0x0001b880   0x0000001e   Code   RO         3301    .text               mc_w.l(llshl.o)
    0x0001b89e   0x0001b89e   0x00000020   Code   RO         3303    .text               mc_w.l(llushr.o)
    0x0001b8be   0x0001b8be   0x00000024   Code   RO         3305    .text               mc_w.l(llsshr.o)
    0x0001b8e2   0x0001b8e2   0x0000000c   Code   RO         2422    i.APP_ERROR_CHECK   app_error.o
    0x0001b8ee   0x0001b8ee   0x00000002   PAD
    0x0001b8f0   0x0001b8f0   0x0000001c   Code   RO          411    i.FlashRead         flash.o
    0x0001b90c   0x0001b90c   0x00000104   Code   RO         1477    i.GPIOTE_IRQHandler  nrf_drv_gpiote.o
    0x0001ba10   0x0001ba10   0x00000164   Code   RO          462    i.GetCardInfo       tlv.o
    0x0001bb74   0x0001bb74   0x00000016   Code   RO         2552    i.NVIC_ClearPendingIRQ  app_timer.o
    0x0001bb8a   0x0001bb8a   0x00000016   Code   RO         2553    i.NVIC_EnableIRQ    app_timer.o
    0x0001bba0   0x0001bba0   0x00000016   Code   RO         2554    i.NVIC_SetPendingIRQ  app_timer.o
    0x0001bbb6   0x0001bbb6   0x00000020   Code   RO         2555    i.NVIC_SetPriority  app_timer.o
    0x0001bbd6   0x0001bbd6   0x00000002   PAD
    0x0001bbd8   0x0001bbd8   0x000000d0   Code   RO          463    i.ProcessTLV        tlv.o
    0x0001bca8   0x0001bca8   0x00000024   Code   RO         2556    i.RTC1_IRQHandler   app_timer.o
    0x0001bccc   0x0001bccc   0x0000004c   Code   RO          616    i.Rad_PrintHexVal   basemodule.o
    0x0001bd18   0x0001bd18   0x0000003c   Code   RO          617    i.Rad_UartWriteInHex  basemodule.o
    0x0001bd54   0x0001bd54   0x00000004   Code   RO         2557    i.SWI0_EGU0_IRQHandler  app_timer.o
    0x0001bd58   0x0001bd58   0x00000020   Code   RO         2899    i.SWI2_EGU2_IRQHandler  softdevice_handler.o
    0x0001bd78   0x0001bd78   0x0000002c   Code   RO          464    i.SendTLVResp       tlv.o
    0x0001bda4   0x0001bda4   0x00000148   Code   RO          465    i.StoreCardInfo     tlv.o
    0x0001beec   0x0001beec   0x000002fc   Code   RO          804    i.SystemInit        system_nrf52.o
    0x0001c1e8   0x0001c1e8   0x00000014   Code   RO         1676    i.UARTE0_UART0_IRQHandler  nrf_drv_uart.o
    0x0001c1fc   0x0001c1fc   0x00000110   Code   RO          466    i.UpdateCardInfo    tlv.o
    0x0001c30c   0x0001c30c   0x0000004c   Code   RO          467    i.WriteTLVToFlash   tlv.o
    0x0001c358   0x0001c358   0x00000020   Code   RO         3238    i.__0printf         mc_w.l(printfa.o)
    0x0001c378   0x0001c378   0x0000000e   Code   RO         3309    i.__scatterload_copy  mc_w.l(handlers.o)
    0x0001c386   0x0001c386   0x00000002   Code   RO         3310    i.__scatterload_null  mc_w.l(handlers.o)
    0x0001c388   0x0001c388   0x0000000e   Code   RO         3311    i.__scatterload_zeroinit  mc_w.l(handlers.o)
    0x0001c396   0x0001c396   0x00000002   PAD
    0x0001c398   0x0001c398   0x00000184   Code   RO         3245    i._fp_digits        mc_w.l(printfa.o)
    0x0001c51c   0x0001c51c   0x000006dc   Code   RO         3246    i._printf_core      mc_w.l(printfa.o)
    0x0001cbf8   0x0001cbf8   0x00000024   Code   RO         3247    i._printf_post_padding  mc_w.l(printfa.o)
    0x0001cc1c   0x0001cc1c   0x0000002e   Code   RO         3248    i._printf_pre_padding  mc_w.l(printfa.o)
    0x0001cc4a   0x0001cc4a   0x00000202   Code   RO         1161    i.adv_data_encode   ble_advdata.o
    0x0001ce4c   0x0001ce4c   0x00000036   Code   RO          753    i.advertising_buttons_configure  bsp_btn_ble.o
    0x0001ce82   0x0001ce82   0x00000002   PAD
    0x0001ce84   0x0001ce84   0x00000020   Code   RO          646    i.alert_timer_handler  bsp.o
    0x0001cea4   0x0001cea4   0x00000024   Code   RO         2349    i.app_button_enable  app_button.o
    0x0001cec8   0x0001cec8   0x00000070   Code   RO         2350    i.app_button_init   app_button.o
    0x0001cf38   0x0001cf38   0x00000024   Code   RO         2423    i.app_error_fault_handler  app_error.o
    0x0001cf5c   0x0001cf5c   0x00000014   Code   RO         2425    i.app_error_handler_bare  app_error.o
    0x0001cf70   0x0001cf70   0x0000000c   Code   RO          893    i.app_evt_notify    device_manager_peripheral.o
    0x0001cf7c   0x0001cf7c   0x00000016   Code   RO         2485    i.app_fifo_get      app_fifo.o
    0x0001cf92   0x0001cf92   0x00000020   Code   RO         2486    i.app_fifo_init     app_fifo.o
    0x0001cfb2   0x0001cfb2   0x0000001a   Code   RO         2487    i.app_fifo_put      app_fifo.o
    0x0001cfcc   0x0001cfcc   0x0000002c   Code   RO         1952    i.app_notify        pstorage.o
    0x0001cff8   0x0001cff8   0x00000024   Code   RO         1953    i.app_notify_error_state_transit  pstorage.o
    0x0001d01c   0x0001d01c   0x0000000c   Code   RO         2558    i.app_timer_cnt_diff_compute  app_timer.o
    0x0001d028   0x0001d028   0x00000010   Code   RO         2559    i.app_timer_cnt_get  app_timer.o
    0x0001d038   0x0001d038   0x00000024   Code   RO         2560    i.app_timer_create  app_timer.o
    0x0001d05c   0x0001d05c   0x00000090   Code   RO         2561    i.app_timer_init    app_timer.o
    0x0001d0ec   0x0001d0ec   0x00000080   Code   RO         2562    i.app_timer_start   app_timer.o
    0x0001d16c   0x0001d16c   0x00000050   Code   RO         2563    i.app_timer_stop    app_timer.o
    0x0001d1bc   0x0001d1bc   0x000000a4   Code   RO         1874    i.app_uart_init     app_uart_fifo.o
    0x0001d260   0x0001d260   0x0000002c   Code   RO         1875    i.app_uart_put      app_uart_fifo.o
    0x0001d28c   0x0001d28c   0x00000078   Code   RO         1677    i.apply_config      nrf_drv_uart.o
    0x0001d304   0x0001d304   0x00000068   Code   RO         1162    i.ble_advdata_set   ble_advdata.o
    0x0001d36c   0x0001d36c   0x0000011c   Code   RO         1243    i.ble_advertising_init  ble_advertising.o
    0x0001d488   0x0001d488   0x00000080   Code   RO         1244    i.ble_advertising_on_ble_evt  ble_advertising.o
    0x0001d508   0x0001d508   0x00000034   Code   RO         1245    i.ble_advertising_on_sys_evt  ble_advertising.o
    0x0001d53c   0x0001d53c   0x00000010   Code   RO         1247    i.ble_advertising_peer_address_clear  ble_advertising.o
    0x0001d54c   0x0001d54c   0x00000038   Code   RO         1248    i.ble_advertising_restart_without_whitelist  ble_advertising.o
    0x0001d584   0x0001d584   0x000001d8   Code   RO         1249    i.ble_advertising_start  ble_advertising.o
    0x0001d75c   0x0001d75c   0x00000058   Code   RO         1328    i.ble_conn_params_init  ble_conn_params.o
    0x0001d7b4   0x0001d7b4   0x0000008c   Code   RO         1329    i.ble_conn_params_on_ble_evt  ble_conn_params.o
    0x0001d840   0x0001d840   0x0000005e   Code   RO         1163    i.ble_device_addr_encode  ble_advdata.o
    0x0001d89e   0x0001d89e   0x00000002   PAD
    0x0001d8a0   0x0001d8a0   0x00000050   Code   RO            6    i.ble_evt_dispatch  main.o
    0x0001d8f0   0x0001d8f0   0x00000118   Code   RO          319    i.ble_our_service_on_ble_evt  our_service.o
    0x0001da08   0x0001da08   0x0000006c   Code   RO            7    i.ble_stack_init    main.o
    0x0001da74   0x0001da74   0x00000048   Code   RO          894    i.bond_data_load    device_manager_peripheral.o
    0x0001dabc   0x0001dabc   0x0000004c   Code   RO          754    i.bsp_btn_ble_init  bsp_btn_ble.o
    0x0001db08   0x0001db08   0x00000070   Code   RO          755    i.bsp_btn_ble_on_ble_evt  bsp_btn_ble.o
    0x0001db78   0x0001db78   0x00000012   Code   RO          756    i.bsp_btn_ble_sleep_mode_prepare  bsp_btn_ble.o
    0x0001db8a   0x0001db8a   0x00000002   PAD
    0x0001db8c   0x0001db8c   0x000000a8   Code   RO          647    i.bsp_button_event_handler  bsp.o
    0x0001dc34   0x0001dc34   0x0000002c   Code   RO          648    i.bsp_button_is_pressed  bsp.o
    0x0001dc60   0x0001dc60   0x000000cc   Code   RO            8    i.bsp_event_handler  main.o
    0x0001dd2c   0x0001dd2c   0x00000044   Code   RO          652    i.bsp_event_to_button_action_assign  bsp.o
    0x0001dd70   0x0001dd70   0x00000018   Code   RO          653    i.bsp_indication_set  bsp.o
    0x0001dd88   0x0001dd88   0x000000a4   Code   RO          655    i.bsp_init          bsp.o
    0x0001de2c   0x0001de2c   0x00000224   Code   RO          656    i.bsp_led_indication  bsp.o
    0x0001e050   0x0001e050   0x0000003c   Code   RO          657    i.bsp_wakeup_buttons_set  bsp.o
    0x0001e08c   0x0001e08c   0x00000008   Code   RO          658    i.button_timer_handler  bsp.o
    0x0001e094   0x0001e094   0x0000001c   Code   RO         1478    i.channel_free      nrf_drv_gpiote.o
    0x0001e0b0   0x0001e0b0   0x00000048   Code   RO         1479    i.channel_port_alloc  nrf_drv_gpiote.o
    0x0001e0f8   0x0001e0f8   0x00000010   Code   RO         1480    i.channel_port_get  nrf_drv_gpiote.o
    0x0001e108   0x0001e108   0x000000fc   Code   RO         1954    i.clear_operation_execute  pstorage.o
    0x0001e204   0x0001e204   0x00000020   Code   RO         1955    i.clear_post_processing_run  pstorage.o
    0x0001e224   0x0001e224   0x00000020   Code   RO            9    i.clock_initialization  main.o
    0x0001e244   0x0001e244   0x00000034   Code   RO         1956    i.cmd_process       pstorage.o
    0x0001e278   0x0001e278   0x00000020   Code   RO         1957    i.cmd_queue_element_init  pstorage.o
    0x0001e298   0x0001e298   0x00000054   Code   RO         1958    i.cmd_queue_enqueue  pstorage.o
    0x0001e2ec   0x0001e2ec   0x00000040   Code   RO         1959    i.command_end_procedure_run  pstorage.o
    0x0001e32c   0x0001e32c   0x000000ac   Code   RO         2565    i.compare_reg_update  app_timer.o
    0x0001e3d8   0x0001e3d8   0x00000088   Code   RO         1164    i.conn_int_encode   ble_advdata.o
    0x0001e460   0x0001e460   0x00000004   Code   RO           10    i.conn_params_error_handler  main.o
    0x0001e464   0x0001e464   0x0000005c   Code   RO         1331    i.conn_params_negotiation  ble_conn_params.o
    0x0001e4c0   0x0001e4c0   0x0000002c   Code   RO          895    i.connection_instance_find  device_manager_peripheral.o
    0x0001e4ec   0x0001e4ec   0x00000028   Code   RO          896    i.connection_instance_init  device_manager_peripheral.o
    0x0001e514   0x0001e514   0x00000054   Code   RO         1960    i.data_page_erase_state_run  pstorage.o
    0x0001e568   0x0001e568   0x00000020   Code   RO         1961    i.data_to_swap_write_state_run  pstorage.o
    0x0001e588   0x0001e588   0x00000060   Code   RO         2352    i.detection_delay_timeout_handler  app_button.o
    0x0001e5e8   0x0001e5e8   0x000000c0   Code   RO          897    i.device_context_store  device_manager_peripheral.o
    0x0001e6a8   0x0001e6a8   0x00000048   Code   RO          898    i.device_instance_find  device_manager_peripheral.o
    0x0001e6f0   0x0001e6f0   0x0000002c   Code   RO          899    i.device_instance_free  device_manager_peripheral.o
    0x0001e71c   0x0001e71c   0x0000000c   Code   RO           11    i.device_manager_evt_handler  main.o
    0x0001e728   0x0001e728   0x00000064   Code   RO           12    i.device_manager_init  main.o
    0x0001e78c   0x0001e78c   0x00000458   Code   RO          904    i.dm_ble_evt_handler  device_manager_peripheral.o
    0x0001ebe4   0x0001ebe4   0x00000016   Code   RO          910    i.dm_handle_initialize  device_manager_peripheral.o
    0x0001ebfa   0x0001ebfa   0x00000002   PAD
    0x0001ebfc   0x0001ebfc   0x000000c8   Code   RO          911    i.dm_init           device_manager_peripheral.o
    0x0001ecc4   0x0001ecc4   0x00000188   Code   RO          914    i.dm_pstorage_cb_handler  device_manager_peripheral.o
    0x0001ee4c   0x0001ee4c   0x00000068   Code   RO          915    i.dm_register       device_manager_peripheral.o
    0x0001eeb4   0x0001eeb4   0x00000040   Code   RO         2566    i.elapsed_ticks_acquire  app_timer.o
    0x0001eef4   0x0001eef4   0x00000014   Code   RO         2490    i.fifo_get          app_fifo.o
    0x0001ef08   0x0001ef08   0x00000012   Code   RO         2491    i.fifo_put          app_fifo.o
    0x0001ef1a   0x0001ef1a   0x00000002   PAD
    0x0001ef1c   0x0001ef1c   0x0000001c   Code   RO         1962    i.flash_api_err_code_process  pstorage.o
    0x0001ef38   0x0001ef38   0x0000008c   Code   RO         1963    i.flash_operation_success_run  pstorage.o
    0x0001efc4   0x0001efc4   0x00000030   Code   RO          413    i.flash_page_erase  flash.o
    0x0001eff4   0x0001eff4   0x00000006   Code   RO         1964    i.flash_page_erase  pstorage.o
    0x0001effa   0x0001effa   0x00000002   PAD
    0x0001effc   0x0001effc   0x0000002c   Code   RO          414    i.flash_word_write  flash.o
    0x0001f028   0x0001f028   0x00000006   Code   RO         1965    i.flash_write       pstorage.o
    0x0001f02e   0x0001f02e   0x0000000e   Code   RO         2830    i.fputc             retarget.o
    0x0001f03c   0x0001f03c   0x000000b8   Code   RO          320    i.fragment_write    our_service.o
    0x0001f0f4   0x0001f0f4   0x00000004   Code   RO          922    i.gattc_context_apply  device_manager_peripheral.o
    0x0001f0f8   0x0001f0f8   0x00000004   Code   RO          923    i.gattc_context_load  device_manager_peripheral.o
    0x0001f0fc   0x0001f0fc   0x00000004   Code   RO          924    i.gattc_context_store  device_manager_peripheral.o
    0x0001f100   0x0001f100   0x000000b4   Code   RO          925    i.gatts_context_apply  device_manager_peripheral.o
    0x0001f1b4   0x0001f1b4   0x00000038   Code   RO          926    i.gatts_context_load  device_manager_peripheral.o
    0x0001f1ec   0x0001f1ec   0x000000c8   Code   RO          927    i.gatts_context_store  device_manager_peripheral.o
    0x0001f2b4   0x0001f2b4   0x00000004   Code   RO          928    i.gattsc_context_apply  device_manager_peripheral.o
    0x0001f2b8   0x0001f2b8   0x00000004   Code   RO          929    i.gattsc_context_load  device_manager_peripheral.o
    0x0001f2bc   0x0001f2bc   0x00000004   Code   RO          930    i.gattsc_context_store  device_manager_peripheral.o
    0x0001f2c0   0x0001f2c0   0x00000020   Code   RO          321    i.get_ble_data      our_service.o
    0x0001f2e0   0x0001f2e0   0x00000058   Code   RO         2353    i.gpiote_event_handler  app_button.o
    0x0001f338   0x0001f338   0x00000078   Code   RO         1966    i.head_restore_state_run  pstorage.o
    0x0001f3b0   0x0001f3b0   0x00000070   Code   RO         2900    i.intern_softdevice_events_execute  softdevice_handler.o
    0x0001f420   0x0001f420   0x0000001c   Code   RO         1332    i.is_conn_params_ok  ble_conn_params.o
    0x0001f43c   0x0001f43c   0x00000044   Code   RO         1967    i.is_page_erase_required  pstorage.o
    0x0001f480   0x0001f480   0x0000000c   Code   RO         1968    i.is_word_aligned   pstorage.o
    0x0001f48c   0x0001f48c   0x00000054   Code   RO         1165    i.le_role_encode    ble_advdata.o
    0x0001f4e0   0x0001f4e0   0x00000014   Code   RO          659    i.leds_timer_handler  bsp.o
    0x0001f4f4   0x0001f4f4   0x000000bc   Code   RO         2567    i.list_deletions_handler  app_timer.o
    0x0001f5b0   0x0001f5b0   0x000000cc   Code   RO         2568    i.list_insertions_handler  app_timer.o
    0x0001f67c   0x0001f67c   0x0000023c   Code   RO           13    i.main              main.o
    0x0001f8b8   0x0001f8b8   0x00000014   Code   RO         1969    i.main_state_err_busy_process  pstorage.o
    0x0001f8cc   0x0001f8cc   0x00000064   Code   RO         1166    i.manuf_specific_data_encode  ble_advdata.o
    0x0001f930   0x0001f930   0x0000009c   Code   RO         1167    i.name_encode       ble_advdata.o
    0x0001f9cc   0x0001f9cc   0x00000004   Code   RO          931    i.no_service_context_apply  device_manager_peripheral.o
    0x0001f9d0   0x0001f9d0   0x00000004   Code   RO          932    i.no_service_context_load  device_manager_peripheral.o
    0x0001f9d4   0x0001f9d4   0x00000004   Code   RO          933    i.no_service_context_store  device_manager_peripheral.o
    0x0001f9d8   0x0001f9d8   0x0000001a   Code   RO         1450    i.nrf_delay_ms      nrf_delay.o
    0x0001f9f2   0x0001f9f2   0x00000038   Code   RO         1402    i.nrf_drv_common_irq_enable  nrf_drv_common.o
    0x0001fa2a   0x0001fa2a   0x00000002   PAD
    0x0001fa2c   0x0001fa2c   0x000000a4   Code   RO         1483    i.nrf_drv_gpiote_in_event_enable  nrf_drv_gpiote.o
    0x0001fad0   0x0001fad0   0x000000b8   Code   RO         1484    i.nrf_drv_gpiote_in_init  nrf_drv_gpiote.o
    0x0001fb88   0x0001fb88   0x00000014   Code   RO         1485    i.nrf_drv_gpiote_in_is_set  nrf_drv_gpiote.o
    0x0001fb9c   0x0001fb9c   0x00000054   Code   RO         1487    i.nrf_drv_gpiote_init  nrf_drv_gpiote.o
    0x0001fbf0   0x0001fbf0   0x00000014   Code   RO         1488    i.nrf_drv_gpiote_is_init  nrf_drv_gpiote.o
    0x0001fc04   0x0001fc04   0x00000094   Code   RO         1679    i.nrf_drv_uart_init  nrf_drv_uart.o
    0x0001fc98   0x0001fc98   0x0000008c   Code   RO         1680    i.nrf_drv_uart_rx   nrf_drv_uart.o
    0x0001fd24   0x0001fd24   0x00000020   Code   RO         1683    i.nrf_drv_uart_rx_enable  nrf_drv_uart.o
    0x0001fd44   0x0001fd44   0x0000009c   Code   RO         1684    i.nrf_drv_uart_rx_for_uart  nrf_drv_uart.o
    0x0001fde0   0x0001fde0   0x00000090   Code   RO         1685    i.nrf_drv_uart_rx_for_uarte  nrf_drv_uart.o
    0x0001fe70   0x0001fe70   0x00000088   Code   RO         1686    i.nrf_drv_uart_tx   nrf_drv_uart.o
    0x0001fef8   0x0001fef8   0x00000080   Code   RO         1688    i.nrf_drv_uart_tx_for_uart  nrf_drv_uart.o
    0x0001ff78   0x0001ff78   0x00000022   Code   RO         1500    i.nrf_gpio_cfg      nrf_drv_gpiote.o
    0x0001ff9a   0x0001ff9a   0x00000022   Code   RO         1690    i.nrf_gpio_cfg      nrf_drv_uart.o
    0x0001ffbc   0x0001ffbc   0x00000012   Code   RO         1692    i.nrf_gpio_cfg_input  nrf_drv_uart.o
    0x0001ffce   0x0001ffce   0x00000014   Code   RO         1693    i.nrf_gpio_cfg_output  nrf_drv_uart.o
    0x0001ffe2   0x0001ffe2   0x0000001c   Code   RO         1502    i.nrf_gpio_cfg_sense_set  nrf_drv_gpiote.o
    0x0001fffe   0x0001fffe   0x00000002   PAD
    0x00020000   0x00020000   0x00000014   Code   RO         1503    i.nrf_gpiote_event_clear  nrf_drv_gpiote.o
    0x00020014   0x00020014   0x00000010   Code   RO         1504    i.nrf_gpiote_event_is_set  nrf_drv_gpiote.o
    0x00020024   0x00020024   0x0000000a   Code   RO         1694    i.nrf_uart_event_check  nrf_drv_uart.o
    0x0002002e   0x0002002e   0x0000000c   Code   RO         1695    i.nrf_uart_int_enable_check  nrf_drv_uart.o
    0x0002003a   0x0002003a   0x0000000a   Code   RO         1696    i.nrf_uarte_event_check  nrf_drv_uart.o
    0x00020044   0x00020044   0x0000001a   Code   RO          322    i.nstrcpy           our_service.o
    0x0002005e   0x0002005e   0x00000020   Code   RO           14    i.on_adv_evt        main.o
    0x0002007e   0x0002007e   0x00000002   PAD
    0x00020080   0x00020080   0x000000bc   Code   RO          323    i.on_ble_write      our_service.o
    0x0002013c   0x0002013c   0x00000018   Code   RO           15    i.on_conn_params_evt  main.o
    0x00020154   0x00020154   0x00000158   Code   RO          324    i.our_char_add      our_service.o
    0x000202ac   0x000202ac   0x00000048   Code   RO          325    i.our_characteristic_update  our_service.o
    0x000202f4   0x000202f4   0x0000004c   Code   RO          326    i.our_service_init  our_service.o
    0x00020340   0x00020340   0x00000014   Code   RO         1251    i.peer_address_exists  ble_advertising.o
    0x00020354   0x00020354   0x00000040   Code   RO          934    i.peer_instance_init  device_manager_peripheral.o
    0x00020394   0x00020394   0x00000018   Code   RO         1505    i.pin_in_use_by_port  nrf_drv_gpiote.o
    0x000203ac   0x000203ac   0x00000018   Code   RO         1506    i.pin_in_use_by_te  nrf_drv_gpiote.o
    0x000203c4   0x000203c4   0x00000006   Code   RO           16    i.power_manage      main.o
    0x000203ca   0x000203ca   0x00000002   PAD
    0x000203cc   0x000203cc   0x00000024   Code   RO         1970    i.pstorage_access_status_get  pstorage.o
    0x000203f0   0x000203f0   0x00000054   Code   RO         1971    i.pstorage_block_identifier_get  pstorage.o
    0x00020444   0x00020444   0x0000009c   Code   RO         1972    i.pstorage_clear    pstorage.o
    0x000204e0   0x000204e0   0x0000001e   Code   RO         1973    i.pstorage_flash_page_end  pstorage.o
    0x000204fe   0x000204fe   0x0000000a   Code   RO         1974    i.pstorage_flash_page_size  pstorage.o
    0x00020508   0x00020508   0x00000060   Code   RO         1975    i.pstorage_init     pstorage.o
    0x00020568   0x00020568   0x000000a8   Code   RO         1976    i.pstorage_load     pstorage.o
    0x00020610   0x00020610   0x000000b4   Code   RO         1977    i.pstorage_register  pstorage.o
    0x000206c4   0x000206c4   0x00000088   Code   RO         1978    i.pstorage_store    pstorage.o
    0x0002074c   0x0002074c   0x00000048   Code   RO         1979    i.pstorage_sys_event_handler  pstorage.o
    0x00020794   0x00020794   0x00000088   Code   RO         1980    i.pstorage_update   pstorage.o
    0x0002081c   0x0002081c   0x00000118   Code   RO          327    i.put_ble_data      our_service.o
    0x00020934   0x00020934   0x000001e8   Code   RO          328    i.reassemble        our_service.o
    0x00020b1c   0x00020b1c   0x0000003c   Code   RO         2569    i.rtc1_stop         app_timer.o
    0x00020b58   0x00020b58   0x00000030   Code   RO         1698    i.rx_byte           nrf_drv_uart.o
    0x00020b88   0x00020b88   0x00000020   Code   RO         1699    i.rx_done_event     nrf_drv_uart.o
    0x00020ba8   0x00020ba8   0x00000018   Code   RO         1700    i.rx_enable         nrf_drv_uart.o
    0x00020bc0   0x00020bc0   0x00000010   Code   RO         2901    i.sd_check_ram_start  softdevice_handler.o
    0x00020bd0   0x00020bd0   0x00000088   Code   RO         1168    i.service_data_encode  ble_advdata.o
    0x00020c58   0x00020c58   0x0000001e   Code   RO           17    i.sleep_mode_enter  main.o
    0x00020c76   0x00020c76   0x00000002   PAD
    0x00020c78   0x00020c78   0x0000003c   Code   RO         1981    i.sm_state_change   pstorage.o
    0x00020cb4   0x00020cb4   0x00000014   Code   RO         2902    i.softdevice_ble_evt_handler_set  softdevice_handler.o
    0x00020cc8   0x00020cc8   0x00000014   Code   RO         2903    i.softdevice_enable  softdevice_handler.o
    0x00020cdc   0x00020cdc   0x00000026   Code   RO         2904    i.softdevice_enable_get_default_config  softdevice_handler.o
    0x00020d02   0x00020d02   0x00000004   Code   RO         2905    i.softdevice_fault_handler  softdevice_handler.o
    0x00020d06   0x00020d06   0x00000002   PAD
    0x00020d08   0x00020d08   0x00000030   Code   RO         2906    i.softdevice_handler_init  softdevice_handler.o
    0x00020d38   0x00020d38   0x00000014   Code   RO         2909    i.softdevice_sys_evt_handler_set  softdevice_handler.o
    0x00020d4c   0x00020d4c   0x00000068   Code   RO         1982    i.state_data_erase_swap_entry_run  pstorage.o
    0x00020db4   0x00020db4   0x0000000c   Code   RO         1983    i.state_erase_data_page_entry_run  pstorage.o
    0x00020dc0   0x00020dc0   0x0000002c   Code   RO         1984    i.state_restore_head_entry_run  pstorage.o
    0x00020dec   0x00020dec   0x00000050   Code   RO         1985    i.state_restore_tail_entry_run  pstorage.o
    0x00020e3c   0x00020e3c   0x0000001e   Code   RO         1986    i.state_swap_erase_entry_run  pstorage.o
    0x00020e5a   0x00020e5a   0x00000002   PAD
    0x00020e5c   0x00020e5c   0x00000030   Code   RO         1987    i.state_write_data_swap_entry_run  pstorage.o
    0x00020e8c   0x00020e8c   0x00000004   Code   RO          935    i.storage_operation_dummy_handler  device_manager_peripheral.o
    0x00020e90   0x00020e90   0x0000005c   Code   RO         1988    i.store_cmd_flash_write_execute  pstorage.o
    0x00020eec   0x00020eec   0x00000018   Code   RO         1989    i.swap_erase_state_run  pstorage.o
    0x00020f04   0x00020f04   0x00000014   Code   RO         1990    i.swap_sub_state_err_busy_process  pstorage.o
    0x00020f18   0x00020f18   0x00000014   Code   RO         1991    i.swap_sub_state_state_change  pstorage.o
    0x00020f2c   0x00020f2c   0x00000012   Code   RO           18    i.sys_evt_dispatch  main.o
    0x00020f3e   0x00020f3e   0x00000002   PAD
    0x00020f40   0x00020f40   0x00000014   Code   RO         1992    i.tail_restore_state_run  pstorage.o
    0x00020f54   0x00020f54   0x0000008c   Code   RO         2570    i.timer_list_handler  app_timer.o
    0x00020fe0   0x00020fe0   0x0000003c   Code   RO         2571    i.timer_list_insert  app_timer.o
    0x0002101c   0x0002101c   0x00000002   Code   RO           19    i.timer_timeout_handler  main.o
    0x0002101e   0x0002101e   0x00000002   PAD
    0x00021020   0x00021020   0x00000084   Code   RO         2572    i.timer_timeouts_check  app_timer.o
    0x000210a4   0x000210a4   0x00000024   Code   RO         1701    i.tx_byte           nrf_drv_uart.o
    0x000210c8   0x000210c8   0x00000024   Code   RO         1702    i.tx_done_event     nrf_drv_uart.o
    0x000210ec   0x000210ec   0x000000a8   Code   RO         1876    i.uart_event_handler  app_uart_fifo.o
    0x00021194   0x00021194   0x00000012   Code   RO           20    i.uart_events_handler  main.o
    0x000211a6   0x000211a6   0x00000002   PAD
    0x000211a8   0x000211a8   0x00000108   Code   RO         1703    i.uart_irq_handler  nrf_drv_uart.o
    0x000212b0   0x000212b0   0x000000d8   Code   RO         1704    i.uarte_irq_handler  nrf_drv_uart.o
    0x00021388   0x00021388   0x0000000a   Code   RO         1169    i.uint16_encode     ble_advdata.o
    0x00021392   0x00021392   0x00000002   PAD
    0x00021394   0x00021394   0x00000014   Code   RO          936    i.update_status_bit_reset  device_manager_peripheral.o
    0x000213a8   0x000213a8   0x00000060   Code   RO         1333    i.update_timeout_handler  ble_conn_params.o
    0x00021408   0x00021408   0x00000044   Code   RO         2573    i.user_id_get       app_timer.o
    0x0002144c   0x0002144c   0x00000028   Code   RO         2574    i.user_op_alloc     app_timer.o
    0x00021474   0x00021474   0x00000030   Code   RO         1170    i.uuid_list_encode  ble_advdata.o
    0x000214a4   0x000214a4   0x0000009e   Code   RO         1171    i.uuid_list_sized_encode  ble_advdata.o
    0x00021542   0x00021542   0x0000000e   Code   RO         1252    i.whitelist_has_entries  ble_advertising.o
    0x00021550   0x00021550   0x00000014   Data   RO           23    .constdata          main.o
    0x00021564   0x00021564   0x00000020   Data   RO          330    .constdata          our_service.o
    0x00021584   0x00021584   0x0000003c   Data   RO          664    .constdata          bsp.o
    0x000215c0   0x000215c0   0x00000034   Data   RO          938    .constdata          device_manager_peripheral.o
    0x000215f4   0x000215f4   0x00000004   Data   RO         1336    .constdata          ble_conn_params.o
    0x000215f8   0x000215f8   0x00000020   Data   RO         1706    .constdata          nrf_drv_uart.o
    0x00021618   0x00021618   0x00000020   Data   RO         1878    .constdata          app_uart_fifo.o
    0x00021638   0x00021638   0x00000028   Data   RO         1994    .constdata          pstorage.o
    0x00021660   0x00021660   0x00000008   Data   RO         2355    .constdata          app_button.o
    0x00021668   0x00021668   0x00000020   Data   RO         3307    Region$$Table       anon$$obj.o


    Execution Region RW_IRAM1 (Exec base: 0x20004000, Load base: 0x00021688, Size: 0x00003050, Max: 0x0000c000, ABSOLUTE)

    Exec Addr    Load Addr    Size         Type   Attr      Idx    E Section Name        Object

    0x20004000   0x00021688   0x00000004   Data   RW           24    .data               main.o
    0x20004004   0x0002168c   0x0000001c   Data   RW          331    .data               our_service.o
    0x20004020   0x000216a8   0x00000008   Data   RW          469    .data               tlv.o
    0x20004028   0x000216b0   0x00000018   Data   RW          665    .data               bsp.o
    0x20004040   0x000216c8   0x00000008   Data   RW          757    .data               bsp_btn_ble.o
    0x20004048   0x000216d0   0x00000004   Data   RW          805    .data               system_nrf52.o
    0x2000404c   0x000216d4   0x00000018   Data   RW          939    .data               device_manager_peripheral.o
    0x20004064   0x000216ec   0x0000001f   Data   RW         1254    .data               ble_advertising.o
    0x20004083   0x0002170b   0x00000001   PAD
    0x20004084   0x0002170c   0x00000014   Data   RW         1337    .data               ble_conn_params.o
    0x20004098   0x00021720   0x00000008   Data   RW         1879    .data               app_uart_fifo.o
    0x200040a0   0x00021728   0x00000024   Data   RW         1995    .data               pstorage.o
    0x200040c4   0x0002174c   0x00000014   Data   RW         2356    .data               app_button.o
    0x200040d8   0x00021760   0x00000020   Data   RW         2575    .data               app_timer.o
    0x200040f8   0x00021780   0x00000004   Data   RW         2831    .data               retarget.o
    0x200040fc   0x00021784   0x00000014   Data   RW         2910    .data               softdevice_handler.o
    0x20004110        -       0x00000020   Zero   RW           21    .bss                main.o
    0x20004130        -       0x00000244   Zero   RW           22    .bss                main.o
    0x20004374        -       0x00000424   Zero   RW          329    .bss                our_service.o
    0x20004798        -       0x0000028c   Zero   RW          468    .bss                tlv.o
    0x20004a24        -       0x00000020   Zero   RW          660    .bss                bsp.o
    0x20004a44        -       0x00000020   Zero   RW          661    .bss                bsp.o
    0x20004a64        -       0x0000000c   Zero   RW          662    .bss                bsp.o
    0x20004a70        -       0x00000020   Zero   RW          663    .bss                bsp.o
    0x20004a90        -       0x0000014f   Zero   RW          937    .bss                device_manager_peripheral.o
    0x20004bdf   0x00021798   0x00000001   PAD
    0x20004be0        -       0x00000103   Zero   RW         1253    .bss                ble_advertising.o
    0x20004ce3   0x00021798   0x00000001   PAD
    0x20004ce4        -       0x00000020   Zero   RW         1334    .bss                ble_conn_params.o
    0x20004d04        -       0x0000001c   Zero   RW         1335    .bss                ble_conn_params.o
    0x20004d20        -       0x00000058   Zero   RW         1507    .bss                nrf_drv_gpiote.o
    0x20004d78        -       0x00000020   Zero   RW         1705    .bss                nrf_drv_uart.o
    0x20004d98        -       0x00000020   Zero   RW         1877    .bss                app_uart_fifo.o
    0x20004db8        -       0x00000274   Zero   RW         1993    .bss                pstorage.o
    0x2000502c        -       0x00000020   Zero   RW         2354    .bss                app_button.o
    0x2000504c   0x00021798   0x00000004   PAD
    0x20005050        -       0x00002000   Zero   RW          793    STACK               arm_startup_nrf52.o


==============================================================================

Image component sizes


      Code (inc. data)   RO Data    RW Data    ZI Data      Debug   Object Name

       332         34          8         20         32      12238   app_button.o
        68         10          0          0          0       4157   app_error.o
       118          0          0          0          0       4526   app_fifo.o
      1800        108          0         32          0      51280   app_timer.o
       376         36         32          8         32      11283   app_uart_fifo.o
        36          8        512          0       8192        892   arm_startup_nrf52.o
       136         14          0          0          0       1487   basemodule.o
      1540          0          0          0          0      19020   ble_advdata.o
      1042         44          0         31        259      13737   ble_advertising.o
       444         56          4         20         60      13164   ble_conn_params.o
      1136        108         60         24        108      10329   bsp.o
       260         10          0          8          0       4837   bsp_btn_ble.o
      2866        160         52         24        335      31265   device_manager_peripheral.o
       120         18          0          0          0       2454   flash.o
      1242        310         20          4        612     117247   main.o
       144          0          0          0          0       1823   nrf_delay.o
        56          0          0          0          0      28747   nrf_drv_common.o
       994         92          0          0         88      22944   nrf_drv_gpiote.o
      1784        144         32          0         32      34351   nrf_drv_uart.o
      1970        762         32         28       1060      10070   our_service.o
      2770        248         40         36        628      37070   pstorage.o
        14          0          0          4          0       2746   retarget.o
       310         46          0         20          0       9157   softdevice_handler.o
       764         64          0          4          0      29418   system_nrf52.o
      1284        360          0          8        652       8395   tlv.o

    ----------------------------------------------------------------------
     21648       2632        824        272      12096     482637   Object Totals
         0          0         32          0          0          0   (incl. Generated)
        42          0          0          1          6          0   (incl. Padding)

    ----------------------------------------------------------------------

      Code (inc. data)   RO Data    RW Data    ZI Data      Debug   Library Member Name

         0          0          0          0          0          0   entry.o
         0          0          0          0          0          0   entry10a.o
         0          0          0          0          0          0   entry11a.o
         8          4          0          0          0          0   entry2.o
         4          0          0          0          0          0   entry5.o
         0          0          0          0          0          0   entry7b.o
         0          0          0          0          0          0   entry8b.o
         8          4          0          0          0          0   entry9a.o
        30          0          0          0          0          0   handlers.o
        36          8          0          0          0         68   init.o
         0          0          0          0          0          0   iusefp.o
        30          0          0          0          0         68   llshl.o
        36          0          0          0          0         68   llsshr.o
        32          0          0          0          0         68   llushr.o
        26          0          0          0          0         80   memcmp.o
        36          0          0          0          0         68   memcpya.o
        36          0          0          0          0        108   memseta.o
      2258         90          0          0          0        452   printfa.o
        44          0          0          0          0         80   uidiv.o
        98          0          0          0          0         92   uldiv.o
        48          0          0          0          0         68   cdrcmple.o
       334          0          0          0          0        148   dadd.o
       222          0          0          0          0        100   ddiv.o
       186          0          0          0          0        176   depilogue.o
        48          0          0          0          0         68   dfixul.o
        26          0          0          0          0         76   dfltui.o
       228          0          0          0          0         96   dmul.o

    ----------------------------------------------------------------------
      3776        106          0          0          0       1884   Library Totals
         2          0          0          0          0          0   (incl. Padding)

    ----------------------------------------------------------------------

      Code (inc. data)   RO Data    RW Data    ZI Data      Debug   Library Name

      2682        106          0          0          0       1152   mc_w.l
      1092          0          0          0          0        732   mf_w.l

    ----------------------------------------------------------------------
      3776        106          0          0          0       1884   Library Totals

    ----------------------------------------------------------------------

==============================================================================


      Code (inc. data)   RO Data    RW Data    ZI Data      Debug   

     25424       2738        824        272      12096     461237   Grand Totals
     25424       2738        824        272      12096     461237   ELF Image Totals
     25424       2738        824        272          0          0   ROM Totals

==============================================================================

    Total RO  Size (Code + RO Data)                26248 (  25.63kB)
    Total RW  Size (RW Data + ZI Data)             12368 (  12.08kB)
    Total ROM Size (Code + RO Data + RW Data)      26520 (  25.90kB)

==============================================================================

